/home/jarek/Projects/vcs/UniController/software/00_controller/lib_boards/Nucleo-H755ZI-Q/Drivers/STM32H7xx_HAL_Driver/Src/stm32h7xx_ll_usb.c:1385:26:USB_CoreReset	8	static
/home/jarek/Projects/vcs/UniController/software/00_controller/lib_boards/Nucleo-H755ZI-Q/Drivers/STM32H7xx_HAL_Driver/Src/stm32h7xx_ll_usb.c:83:19:USB_CoreInit	16	static
/home/jarek/Projects/vcs/UniController/software/00_controller/lib_boards/Nucleo-H755ZI-Q/Drivers/STM32H7xx_HAL_Driver/Src/stm32h7xx_ll_usb.c:143:19:USB_SetTurnaroundTime	0	static
/home/jarek/Projects/vcs/UniController/software/00_controller/lib_boards/Nucleo-H755ZI-Q/Drivers/STM32H7xx_HAL_Driver/Src/stm32h7xx_ll_usb.c:226:19:USB_EnableGlobalInt	0	static
/home/jarek/Projects/vcs/UniController/software/00_controller/lib_boards/Nucleo-H755ZI-Q/Drivers/STM32H7xx_HAL_Driver/Src/stm32h7xx_ll_usb.c:238:19:USB_DisableGlobalInt	0	static
/home/jarek/Projects/vcs/UniController/software/00_controller/lib_boards/Nucleo-H755ZI-Q/Drivers/STM32H7xx_HAL_Driver/Src/stm32h7xx_ll_usb.c:253:19:USB_SetCurrentMode	16	static
/home/jarek/Projects/vcs/UniController/software/00_controller/lib_boards/Nucleo-H755ZI-Q/Drivers/STM32H7xx_HAL_Driver/Src/stm32h7xx_ll_usb.c:452:19:USB_FlushTxFifo	8	static
/home/jarek/Projects/vcs/UniController/software/00_controller/lib_boards/Nucleo-H755ZI-Q/Drivers/STM32H7xx_HAL_Driver/Src/stm32h7xx_ll_usb.c:489:19:USB_FlushRxFifo	8	static
/home/jarek/Projects/vcs/UniController/software/00_controller/lib_boards/Nucleo-H755ZI-Q/Drivers/STM32H7xx_HAL_Driver/Src/stm32h7xx_ll_usb.c:532:19:USB_SetDevSpeed	0	static
/home/jarek/Projects/vcs/UniController/software/00_controller/lib_boards/Nucleo-H755ZI-Q/Drivers/STM32H7xx_HAL_Driver/Src/stm32h7xx_ll_usb.c:300:19:USB_DevInit	32	static
/home/jarek/Projects/vcs/UniController/software/00_controller/lib_boards/Nucleo-H755ZI-Q/Drivers/STM32H7xx_HAL_Driver/Src/stm32h7xx_ll_usb.c:548:9:USB_GetDevSpeed	0	static
/home/jarek/Projects/vcs/UniController/software/00_controller/lib_boards/Nucleo-H755ZI-Q/Drivers/STM32H7xx_HAL_Driver/Src/stm32h7xx_ll_usb.c:577:19:USB_ActivateEndpoint	12	static
/home/jarek/Projects/vcs/UniController/software/00_controller/lib_boards/Nucleo-H755ZI-Q/Drivers/STM32H7xx_HAL_Driver/Src/stm32h7xx_ll_usb.c:615:19:USB_ActivateDedicatedEndpoint	20	static
/home/jarek/Projects/vcs/UniController/software/00_controller/lib_boards/Nucleo-H755ZI-Q/Drivers/STM32H7xx_HAL_Driver/Src/stm32h7xx_ll_usb.c:654:19:USB_DeactivateEndpoint	8	static
/home/jarek/Projects/vcs/UniController/software/00_controller/lib_boards/Nucleo-H755ZI-Q/Drivers/STM32H7xx_HAL_Driver/Src/stm32h7xx_ll_usb.c:701:19:USB_DeactivateDedicatedEndpoint	0	static
/home/jarek/Projects/vcs/UniController/software/00_controller/lib_boards/Nucleo-H755ZI-Q/Drivers/STM32H7xx_HAL_Driver/Src/stm32h7xx_ll_usb.c:915:19:USB_EPStopXfer	8	static
/home/jarek/Projects/vcs/UniController/software/00_controller/lib_boards/Nucleo-H755ZI-Q/Drivers/STM32H7xx_HAL_Driver/Src/stm32h7xx_ll_usb.c:979:19:USB_WritePacket	8	static
/home/jarek/Projects/vcs/UniController/software/00_controller/lib_boards/Nucleo-H755ZI-Q/Drivers/STM32H7xx_HAL_Driver/Src/stm32h7xx_ll_usb.c:743:19:USB_EPStartXfer	32	static
/home/jarek/Projects/vcs/UniController/software/00_controller/lib_boards/Nucleo-H755ZI-Q/Drivers/STM32H7xx_HAL_Driver/Src/stm32h7xx_ll_usb.c:1010:7:USB_ReadPacket	16	static
/home/jarek/Projects/vcs/UniController/software/00_controller/lib_boards/Nucleo-H755ZI-Q/Drivers/STM32H7xx_HAL_Driver/Src/stm32h7xx_ll_usb.c:1052:19:USB_EPSetStall	0	static
/home/jarek/Projects/vcs/UniController/software/00_controller/lib_boards/Nucleo-H755ZI-Q/Drivers/STM32H7xx_HAL_Driver/Src/stm32h7xx_ll_usb.c:1083:19:USB_EPClearStall	0	static
/home/jarek/Projects/vcs/UniController/software/00_controller/lib_boards/Nucleo-H755ZI-Q/Drivers/STM32H7xx_HAL_Driver/Src/stm32h7xx_ll_usb.c:1112:19:USB_StopDevice	8	static
/home/jarek/Projects/vcs/UniController/software/00_controller/lib_boards/Nucleo-H755ZI-Q/Drivers/STM32H7xx_HAL_Driver/Src/stm32h7xx_ll_usb.c:1153:19:USB_SetDevAddress	0	static
/home/jarek/Projects/vcs/UniController/software/00_controller/lib_boards/Nucleo-H755ZI-Q/Drivers/STM32H7xx_HAL_Driver/Src/stm32h7xx_ll_usb.c:1168:19:USB_DevConnect	0	static
/home/jarek/Projects/vcs/UniController/software/00_controller/lib_boards/Nucleo-H755ZI-Q/Drivers/STM32H7xx_HAL_Driver/Src/stm32h7xx_ll_usb.c:1185:19:USB_DevDisconnect	0	static
/home/jarek/Projects/vcs/UniController/software/00_controller/lib_boards/Nucleo-H755ZI-Q/Drivers/STM32H7xx_HAL_Driver/Src/stm32h7xx_ll_usb.c:1202:10:USB_ReadInterrupts	0	static
/home/jarek/Projects/vcs/UniController/software/00_controller/lib_boards/Nucleo-H755ZI-Q/Drivers/STM32H7xx_HAL_Driver/Src/stm32h7xx_ll_usb.c:1218:10:USB_ReadChInterrupts	0	static
/home/jarek/Projects/vcs/UniController/software/00_controller/lib_boards/Nucleo-H755ZI-Q/Drivers/STM32H7xx_HAL_Driver/Src/stm32h7xx_ll_usb.c:1234:10:USB_ReadDevAllOutEpInterrupt	0	static
/home/jarek/Projects/vcs/UniController/software/00_controller/lib_boards/Nucleo-H755ZI-Q/Drivers/STM32H7xx_HAL_Driver/Src/stm32h7xx_ll_usb.c:1250:10:USB_ReadDevAllInEpInterrupt	0	static
/home/jarek/Projects/vcs/UniController/software/00_controller/lib_boards/Nucleo-H755ZI-Q/Drivers/STM32H7xx_HAL_Driver/Src/stm32h7xx_ll_usb.c:1268:10:USB_ReadDevOutEPInterrupt	0	static
/home/jarek/Projects/vcs/UniController/software/00_controller/lib_boards/Nucleo-H755ZI-Q/Drivers/STM32H7xx_HAL_Driver/Src/stm32h7xx_ll_usb.c:1286:10:USB_ReadDevInEPInterrupt	0	static
/home/jarek/Projects/vcs/UniController/software/00_controller/lib_boards/Nucleo-H755ZI-Q/Drivers/STM32H7xx_HAL_Driver/Src/stm32h7xx_ll_usb.c:1307:7:USB_ClearInterrupts	0	static
/home/jarek/Projects/vcs/UniController/software/00_controller/lib_boards/Nucleo-H755ZI-Q/Drivers/STM32H7xx_HAL_Driver/Src/stm32h7xx_ll_usb.c:1320:10:USB_GetMode	0	static
/home/jarek/Projects/vcs/UniController/software/00_controller/lib_boards/Nucleo-H755ZI-Q/Drivers/STM32H7xx_HAL_Driver/Src/stm32h7xx_ll_usb.c:1330:19:USB_ActivateSetup	0	static
/home/jarek/Projects/vcs/UniController/software/00_controller/lib_boards/Nucleo-H755ZI-Q/Drivers/STM32H7xx_HAL_Driver/Src/stm32h7xx_ll_usb.c:1352:19:USB_EP0_OutStart	12	static
/home/jarek/Projects/vcs/UniController/software/00_controller/lib_boards/Nucleo-H755ZI-Q/Drivers/STM32H7xx_HAL_Driver/Src/stm32h7xx_ll_usb.c:1425:19:USB_HostInit	16	static
/home/jarek/Projects/vcs/UniController/software/00_controller/lib_boards/Nucleo-H755ZI-Q/Drivers/STM32H7xx_HAL_Driver/Src/stm32h7xx_ll_usb.c:1512:19:USB_InitFSLSPClkSel	8	static
/home/jarek/Projects/vcs/UniController/software/00_controller/lib_boards/Nucleo-H755ZI-Q/Drivers/STM32H7xx_HAL_Driver/Src/stm32h7xx_ll_usb.c:1542:19:USB_ResetPort	24	static
/home/jarek/Projects/vcs/UniController/software/00_controller/lib_boards/Nucleo-H755ZI-Q/Drivers/STM32H7xx_HAL_Driver/Src/stm32h7xx_ll_usb.c:1569:19:USB_DriveVbus	8	static
/home/jarek/Projects/vcs/UniController/software/00_controller/lib_boards/Nucleo-H755ZI-Q/Drivers/STM32H7xx_HAL_Driver/Src/stm32h7xx_ll_usb.c:1599:10:USB_GetHostSpeed	8	static
/home/jarek/Projects/vcs/UniController/software/00_controller/lib_boards/Nucleo-H755ZI-Q/Drivers/STM32H7xx_HAL_Driver/Src/stm32h7xx_ll_usb.c:1613:10:USB_GetCurrentFrame	0	static
/home/jarek/Projects/vcs/UniController/software/00_controller/lib_boards/Nucleo-H755ZI-Q/Drivers/STM32H7xx_HAL_Driver/Src/stm32h7xx_ll_usb.c:1644:19:USB_HC_Init	32	static
/home/jarek/Projects/vcs/UniController/software/00_controller/lib_boards/Nucleo-H755ZI-Q/Drivers/STM32H7xx_HAL_Driver/Src/stm32h7xx_ll_usb.c:2029:10:USB_HC_ReadInterrupt	0	static
/home/jarek/Projects/vcs/UniController/software/00_controller/lib_boards/Nucleo-H755ZI-Q/Drivers/STM32H7xx_HAL_Driver/Src/stm32h7xx_ll_usb.c:2043:19:USB_HC_Halt	24	static
/home/jarek/Projects/vcs/UniController/software/00_controller/lib_boards/Nucleo-H755ZI-Q/Drivers/STM32H7xx_HAL_Driver/Src/stm32h7xx_ll_usb.c:2127:19:USB_DoPing	0	static
/home/jarek/Projects/vcs/UniController/software/00_controller/lib_boards/Nucleo-H755ZI-Q/Drivers/STM32H7xx_HAL_Driver/Src/stm32h7xx_ll_usb.c:1771:19:USB_HC_StartXfer	48	static
/home/jarek/Projects/vcs/UniController/software/00_controller/lib_boards/Nucleo-H755ZI-Q/Drivers/STM32H7xx_HAL_Driver/Src/stm32h7xx_ll_usb.c:2151:19:USB_StopHost	24	static
/home/jarek/Projects/vcs/UniController/software/00_controller/lib_boards/Nucleo-H755ZI-Q/Drivers/STM32H7xx_HAL_Driver/Src/stm32h7xx_ll_usb.c:2216:19:USB_ActivateRemoteWakeup	0	static
/home/jarek/Projects/vcs/UniController/software/00_controller/lib_boards/Nucleo-H755ZI-Q/Drivers/STM32H7xx_HAL_Driver/Src/stm32h7xx_ll_usb.c:2234:19:USB_DeActivateRemoteWakeup	0	static
