/home/jarek/Projects/vcs/UniController/software/00_controller/lib_boards/Nucleo-H755ZI-Q/Drivers/STM32H7xx_HAL_Driver/Src/stm32h7xx_hal_i2c.c:6696:13:I2C_Flush_TXDR	0	static
/home/jarek/Projects/vcs/UniController/software/00_controller/lib_boards/Nucleo-H755ZI-Q/Drivers/STM32H7xx_HAL_Driver/Src/stm32h7xx_hal_i2c.c:7284:13:I2C_TransferConfig	12	static
/home/jarek/Projects/vcs/UniController/software/00_controller/lib_boards/Nucleo-H755ZI-Q/Drivers/STM32H7xx_HAL_Driver/Src/stm32h7xx_hal_i2c.c:7311:13:I2C_Enable_IRQ	16	static
/home/jarek/Projects/vcs/UniController/software/00_controller/lib_boards/Nucleo-H755ZI-Q/Drivers/STM32H7xx_HAL_Driver/Src/stm32h7xx_hal_i2c.c:7402:13:I2C_Disable_IRQ	0	static
/home/jarek/Projects/vcs/UniController/software/00_controller/lib_boards/Nucleo-H755ZI-Q/Drivers/STM32H7xx_HAL_Driver/Src/stm32h7xx_hal_i2c.c:7143:26:I2C_IsErrorOccurred	24	static
/home/jarek/Projects/vcs/UniController/software/00_controller/lib_boards/Nucleo-H755ZI-Q/Drivers/STM32H7xx_HAL_Driver/Src/stm32h7xx_hal_i2c.c:6987:26:I2C_WaitOnTXISFlagUntilTimeout	16	static
/home/jarek/Projects/vcs/UniController/software/00_controller/lib_boards/Nucleo-H755ZI-Q/Drivers/STM32H7xx_HAL_Driver/Src/stm32h7xx_hal_i2c.c:6947:26:I2C_WaitOnFlagUntilTimeout	24	static
/home/jarek/Projects/vcs/UniController/software/00_controller/lib_boards/Nucleo-H755ZI-Q/Drivers/STM32H7xx_HAL_Driver/Src/stm32h7xx_hal_i2c.c:7028:26:I2C_WaitOnSTOPFlagUntilTimeout	16	static
/home/jarek/Projects/vcs/UniController/software/00_controller/lib_boards/Nucleo-H755ZI-Q/Drivers/STM32H7xx_HAL_Driver/Src/stm32h7xx_hal_i2c.c:7066:26:I2C_WaitOnRXNEFlagUntilTimeout	32	static
/home/jarek/Projects/vcs/UniController/software/00_controller/lib_boards/Nucleo-H755ZI-Q/Drivers/STM32H7xx_HAL_Driver/Src/stm32h7xx_hal_i2c.c:7465:13:I2C_ConvertOtherXferOptions	0	static
/home/jarek/Projects/vcs/UniController/software/00_controller/lib_boards/Nucleo-H755ZI-Q/Drivers/STM32H7xx_HAL_Driver/Src/stm32h7xx_hal_i2c.c:696:13:HAL_I2C_MspInit	0	static
/home/jarek/Projects/vcs/UniController/software/00_controller/lib_boards/Nucleo-H755ZI-Q/Drivers/STM32H7xx_HAL_Driver/Src/stm32h7xx_hal_i2c.c:535:19:HAL_I2C_Init	8	static
/home/jarek/Projects/vcs/UniController/software/00_controller/lib_boards/Nucleo-H755ZI-Q/Drivers/STM32H7xx_HAL_Driver/Src/stm32h7xx_hal_i2c.c:712:13:HAL_I2C_MspDeInit	0	static
/home/jarek/Projects/vcs/UniController/software/00_controller/lib_boards/Nucleo-H755ZI-Q/Drivers/STM32H7xx_HAL_Driver/Src/stm32h7xx_hal_i2c.c:650:19:HAL_I2C_DeInit	8	static
/home/jarek/Projects/vcs/UniController/software/00_controller/lib_boards/Nucleo-H755ZI-Q/Drivers/STM32H7xx_HAL_Driver/Src/stm32h7xx_hal_i2c.c:1119:19:HAL_I2C_Master_Transmit	40	static
/home/jarek/Projects/vcs/UniController/software/00_controller/lib_boards/Nucleo-H755ZI-Q/Drivers/STM32H7xx_HAL_Driver/Src/stm32h7xx_hal_i2c.c:1260:19:HAL_I2C_Master_Receive	40	static
/home/jarek/Projects/vcs/UniController/software/00_controller/lib_boards/Nucleo-H755ZI-Q/Drivers/STM32H7xx_HAL_Driver/Src/stm32h7xx_hal_i2c.c:1378:19:HAL_I2C_Slave_Transmit	40	static
/home/jarek/Projects/vcs/UniController/software/00_controller/lib_boards/Nucleo-H755ZI-Q/Drivers/STM32H7xx_HAL_Driver/Src/stm32h7xx_hal_i2c.c:1553:19:HAL_I2C_Slave_Receive	40	static
/home/jarek/Projects/vcs/UniController/software/00_controller/lib_boards/Nucleo-H755ZI-Q/Drivers/STM32H7xx_HAL_Driver/Src/stm32h7xx_hal_i2c.c:1683:19:HAL_I2C_Master_Transmit_IT	24	static
/home/jarek/Projects/vcs/UniController/software/00_controller/lib_boards/Nucleo-H755ZI-Q/Drivers/STM32H7xx_HAL_Driver/Src/stm32h7xx_hal_i2c.c:1773:19:HAL_I2C_Master_Receive_IT	24	static
/home/jarek/Projects/vcs/UniController/software/00_controller/lib_boards/Nucleo-H755ZI-Q/Drivers/STM32H7xx_HAL_Driver/Src/stm32h7xx_hal_i2c.c:1842:19:HAL_I2C_Slave_Transmit_IT	8	static
/home/jarek/Projects/vcs/UniController/software/00_controller/lib_boards/Nucleo-H755ZI-Q/Drivers/STM32H7xx_HAL_Driver/Src/stm32h7xx_hal_i2c.c:1906:19:HAL_I2C_Slave_Receive_IT	16	static
/home/jarek/Projects/vcs/UniController/software/00_controller/lib_boards/Nucleo-H755ZI-Q/Drivers/STM32H7xx_HAL_Driver/Src/stm32h7xx_hal_i2c.c:1958:19:HAL_I2C_Master_Transmit_DMA	32	static
/home/jarek/Projects/vcs/UniController/software/00_controller/lib_boards/Nucleo-H755ZI-Q/Drivers/STM32H7xx_HAL_Driver/Src/stm32h7xx_hal_i2c.c:2121:19:HAL_I2C_Master_Receive_DMA	32	static
/home/jarek/Projects/vcs/UniController/software/00_controller/lib_boards/Nucleo-H755ZI-Q/Drivers/STM32H7xx_HAL_Driver/Src/stm32h7xx_hal_i2c.c:2266:19:HAL_I2C_Slave_Transmit_DMA	16	static
/home/jarek/Projects/vcs/UniController/software/00_controller/lib_boards/Nucleo-H755ZI-Q/Drivers/STM32H7xx_HAL_Driver/Src/stm32h7xx_hal_i2c.c:2402:19:HAL_I2C_Slave_Receive_DMA	16	static
/home/jarek/Projects/vcs/UniController/software/00_controller/lib_boards/Nucleo-H755ZI-Q/Drivers/STM32H7xx_HAL_Driver/Src/stm32h7xx_hal_i2c.c:2511:19:HAL_I2C_Mem_Write	48	static
/home/jarek/Projects/vcs/UniController/software/00_controller/lib_boards/Nucleo-H755ZI-Q/Drivers/STM32H7xx_HAL_Driver/Src/stm32h7xx_hal_i2c.c:2648:19:HAL_I2C_Mem_Read	48	static
/home/jarek/Projects/vcs/UniController/software/00_controller/lib_boards/Nucleo-H755ZI-Q/Drivers/STM32H7xx_HAL_Driver/Src/stm32h7xx_hal_i2c.c:2785:19:HAL_I2C_Mem_Write_IT	32	static
/home/jarek/Projects/vcs/UniController/software/00_controller/lib_boards/Nucleo-H755ZI-Q/Drivers/STM32H7xx_HAL_Driver/Src/stm32h7xx_hal_i2c.c:2873:19:HAL_I2C_Mem_Read_IT	32	static
/home/jarek/Projects/vcs/UniController/software/00_controller/lib_boards/Nucleo-H755ZI-Q/Drivers/STM32H7xx_HAL_Driver/Src/stm32h7xx_hal_i2c.c:2960:19:HAL_I2C_Mem_Write_DMA	32	static
/home/jarek/Projects/vcs/UniController/software/00_controller/lib_boards/Nucleo-H755ZI-Q/Drivers/STM32H7xx_HAL_Driver/Src/stm32h7xx_hal_i2c.c:3106:19:HAL_I2C_Mem_Read_DMA	32	static
/home/jarek/Projects/vcs/UniController/software/00_controller/lib_boards/Nucleo-H755ZI-Q/Drivers/STM32H7xx_HAL_Driver/Src/stm32h7xx_hal_i2c.c:3251:19:HAL_I2C_IsDeviceReady	48	static
/home/jarek/Projects/vcs/UniController/software/00_controller/lib_boards/Nucleo-H755ZI-Q/Drivers/STM32H7xx_HAL_Driver/Src/stm32h7xx_hal_i2c.c:3377:19:HAL_I2C_Master_Seq_Transmit_IT	32	static
/home/jarek/Projects/vcs/UniController/software/00_controller/lib_boards/Nucleo-H755ZI-Q/Drivers/STM32H7xx_HAL_Driver/Src/stm32h7xx_hal_i2c.c:3491:19:HAL_I2C_Master_Seq_Transmit_DMA	40	static
/home/jarek/Projects/vcs/UniController/software/00_controller/lib_boards/Nucleo-H755ZI-Q/Drivers/STM32H7xx_HAL_Driver/Src/stm32h7xx_hal_i2c.c:3688:19:HAL_I2C_Master_Seq_Receive_IT	24	static
/home/jarek/Projects/vcs/UniController/software/00_controller/lib_boards/Nucleo-H755ZI-Q/Drivers/STM32H7xx_HAL_Driver/Src/stm32h7xx_hal_i2c.c:3775:19:HAL_I2C_Master_Seq_Receive_DMA	40	static
/home/jarek/Projects/vcs/UniController/software/00_controller/lib_boards/Nucleo-H755ZI-Q/Drivers/STM32H7xx_HAL_Driver/Src/stm32h7xx_hal_i2c.c:3941:19:HAL_I2C_Slave_Seq_Transmit_IT	24	static
/home/jarek/Projects/vcs/UniController/software/00_controller/lib_boards/Nucleo-H755ZI-Q/Drivers/STM32H7xx_HAL_Driver/Src/stm32h7xx_hal_i2c.c:4041:19:HAL_I2C_Slave_Seq_Transmit_DMA	24	static
/home/jarek/Projects/vcs/UniController/software/00_controller/lib_boards/Nucleo-H755ZI-Q/Drivers/STM32H7xx_HAL_Driver/Src/stm32h7xx_hal_i2c.c:4225:19:HAL_I2C_Slave_Seq_Receive_IT	24	static
/home/jarek/Projects/vcs/UniController/software/00_controller/lib_boards/Nucleo-H755ZI-Q/Drivers/STM32H7xx_HAL_Driver/Src/stm32h7xx_hal_i2c.c:4325:19:HAL_I2C_Slave_Seq_Receive_DMA	24	static
/home/jarek/Projects/vcs/UniController/software/00_controller/lib_boards/Nucleo-H755ZI-Q/Drivers/STM32H7xx_HAL_Driver/Src/stm32h7xx_hal_i2c.c:4505:19:HAL_I2C_EnableListen_IT	8	static
/home/jarek/Projects/vcs/UniController/software/00_controller/lib_boards/Nucleo-H755ZI-Q/Drivers/STM32H7xx_HAL_Driver/Src/stm32h7xx_hal_i2c.c:4529:19:HAL_I2C_DisableListen_IT	8	static
/home/jarek/Projects/vcs/UniController/software/00_controller/lib_boards/Nucleo-H755ZI-Q/Drivers/STM32H7xx_HAL_Driver/Src/stm32h7xx_hal_i2c.c:4562:19:HAL_I2C_Master_Abort_IT	24	static
/home/jarek/Projects/vcs/UniController/software/00_controller/lib_boards/Nucleo-H755ZI-Q/Drivers/STM32H7xx_HAL_Driver/Src/stm32h7xx_hal_i2c.c:4624:6:HAL_I2C_EV_IRQHandler	0	static
/home/jarek/Projects/vcs/UniController/software/00_controller/lib_boards/Nucleo-H755ZI-Q/Drivers/STM32H7xx_HAL_Driver/Src/stm32h7xx_hal_i2c.c:4695:13:HAL_I2C_MasterTxCpltCallback	0	static
/home/jarek/Projects/vcs/UniController/software/00_controller/lib_boards/Nucleo-H755ZI-Q/Drivers/STM32H7xx_HAL_Driver/Src/stm32h7xx_hal_i2c.c:4711:13:HAL_I2C_MasterRxCpltCallback	0	static
/home/jarek/Projects/vcs/UniController/software/00_controller/lib_boards/Nucleo-H755ZI-Q/Drivers/STM32H7xx_HAL_Driver/Src/stm32h7xx_hal_i2c.c:5990:13:I2C_ITMasterSeqCplt	16	static
/home/jarek/Projects/vcs/UniController/software/00_controller/lib_boards/Nucleo-H755ZI-Q/Drivers/STM32H7xx_HAL_Driver/Src/stm32h7xx_hal_i2c.c:4726:13:HAL_I2C_SlaveTxCpltCallback	0	static
/home/jarek/Projects/vcs/UniController/software/00_controller/lib_boards/Nucleo-H755ZI-Q/Drivers/STM32H7xx_HAL_Driver/Src/stm32h7xx_hal_i2c.c:4742:13:HAL_I2C_SlaveRxCpltCallback	0	static
/home/jarek/Projects/vcs/UniController/software/00_controller/lib_boards/Nucleo-H755ZI-Q/Drivers/STM32H7xx_HAL_Driver/Src/stm32h7xx_hal_i2c.c:6043:13:I2C_ITSlaveSeqCplt	8	static
/home/jarek/Projects/vcs/UniController/software/00_controller/lib_boards/Nucleo-H755ZI-Q/Drivers/STM32H7xx_HAL_Driver/Src/stm32h7xx_hal_i2c.c:6768:13:I2C_DMASlaveTransmitCplt	0	static
/home/jarek/Projects/vcs/UniController/software/00_controller/lib_boards/Nucleo-H755ZI-Q/Drivers/STM32H7xx_HAL_Driver/Src/stm32h7xx_hal_i2c.c:6848:13:I2C_DMASlaveReceiveCplt	0	static
/home/jarek/Projects/vcs/UniController/software/00_controller/lib_boards/Nucleo-H755ZI-Q/Drivers/STM32H7xx_HAL_Driver/Src/stm32h7xx_hal_i2c.c:4760:13:HAL_I2C_AddrCallback	0	static
/home/jarek/Projects/vcs/UniController/software/00_controller/lib_boards/Nucleo-H755ZI-Q/Drivers/STM32H7xx_HAL_Driver/Src/stm32h7xx_hal_i2c.c:5895:13:I2C_ITAddrCplt.constprop	24	static
/home/jarek/Projects/vcs/UniController/software/00_controller/lib_boards/Nucleo-H755ZI-Q/Drivers/STM32H7xx_HAL_Driver/Src/stm32h7xx_hal_i2c.c:4778:13:HAL_I2C_ListenCpltCallback	0	static
/home/jarek/Projects/vcs/UniController/software/00_controller/lib_boards/Nucleo-H755ZI-Q/Drivers/STM32H7xx_HAL_Driver/Src/stm32h7xx_hal_i2c.c:6476:13:I2C_ITListenCplt	8	static
/home/jarek/Projects/vcs/UniController/software/00_controller/lib_boards/Nucleo-H755ZI-Q/Drivers/STM32H7xx_HAL_Driver/Src/stm32h7xx_hal_i2c.c:4794:13:HAL_I2C_MemTxCpltCallback	0	static
/home/jarek/Projects/vcs/UniController/software/00_controller/lib_boards/Nucleo-H755ZI-Q/Drivers/STM32H7xx_HAL_Driver/Src/stm32h7xx_hal_i2c.c:4810:13:HAL_I2C_MemRxCpltCallback	0	static
/home/jarek/Projects/vcs/UniController/software/00_controller/lib_boards/Nucleo-H755ZI-Q/Drivers/STM32H7xx_HAL_Driver/Src/stm32h7xx_hal_i2c.c:4826:13:HAL_I2C_ErrorCallback	0	static
/home/jarek/Projects/vcs/UniController/software/00_controller/lib_boards/Nucleo-H755ZI-Q/Drivers/STM32H7xx_HAL_Driver/Src/stm32h7xx_hal_i2c.c:4842:13:HAL_I2C_AbortCpltCallback	0	static
/home/jarek/Projects/vcs/UniController/software/00_controller/lib_boards/Nucleo-H755ZI-Q/Drivers/STM32H7xx_HAL_Driver/Src/stm32h7xx_hal_i2c.c:6658:13:I2C_TreatErrorCallback	8	static
/home/jarek/Projects/vcs/UniController/software/00_controller/lib_boards/Nucleo-H755ZI-Q/Drivers/STM32H7xx_HAL_Driver/Src/stm32h7xx_hal_i2c.c:6527:13:I2C_ITError	16	static
/home/jarek/Projects/vcs/UniController/software/00_controller/lib_boards/Nucleo-H755ZI-Q/Drivers/STM32H7xx_HAL_Driver/Src/stm32h7xx_hal_i2c.c:6117:13:I2C_ITMasterCplt	24	static
/home/jarek/Projects/vcs/UniController/software/00_controller/lib_boards/Nucleo-H755ZI-Q/Drivers/STM32H7xx_HAL_Driver/Src/stm32h7xx_hal_i2c.c:4925:26:I2C_Master_ISR_IT	24	static
/home/jarek/Projects/vcs/UniController/software/00_controller/lib_boards/Nucleo-H755ZI-Q/Drivers/STM32H7xx_HAL_Driver/Src/stm32h7xx_hal_i2c.c:5499:26:I2C_Mem_ISR_DMA	16	static
/home/jarek/Projects/vcs/UniController/software/00_controller/lib_boards/Nucleo-H755ZI-Q/Drivers/STM32H7xx_HAL_Driver/Src/stm32h7xx_hal_i2c.c:5359:26:I2C_Master_ISR_DMA	24	static
/home/jarek/Projects/vcs/UniController/software/00_controller/lib_boards/Nucleo-H755ZI-Q/Drivers/STM32H7xx_HAL_Driver/Src/stm32h7xx_hal_i2c.c:6877:13:I2C_DMAError	16	static
/home/jarek/Projects/vcs/UniController/software/00_controller/lib_boards/Nucleo-H755ZI-Q/Drivers/STM32H7xx_HAL_Driver/Src/stm32h7xx_hal_i2c.c:6717:13:I2C_DMAMasterTransmitCplt	8	static
/home/jarek/Projects/vcs/UniController/software/00_controller/lib_boards/Nucleo-H755ZI-Q/Drivers/STM32H7xx_HAL_Driver/Src/stm32h7xx_hal_i2c.c:6797:13:I2C_DMAMasterReceiveCplt	8	static
/home/jarek/Projects/vcs/UniController/software/00_controller/lib_boards/Nucleo-H755ZI-Q/Drivers/STM32H7xx_HAL_Driver/Src/stm32h7xx_hal_i2c.c:5076:26:I2C_Mem_ISR_IT	24	static
/home/jarek/Projects/vcs/UniController/software/00_controller/lib_boards/Nucleo-H755ZI-Q/Drivers/STM32H7xx_HAL_Driver/Src/stm32h7xx_hal_i2c.c:4643:6:HAL_I2C_ER_IRQHandler	4	static
/home/jarek/Projects/vcs/UniController/software/00_controller/lib_boards/Nucleo-H755ZI-Q/Drivers/STM32H7xx_HAL_Driver/Src/stm32h7xx_hal_i2c.c:6260:13:I2C_ITSlaveCplt.constprop	24	static
/home/jarek/Projects/vcs/UniController/software/00_controller/lib_boards/Nucleo-H755ZI-Q/Drivers/STM32H7xx_HAL_Driver/Src/stm32h7xx_hal_i2c.c:5647:26:I2C_Slave_ISR_DMA	16	static
/home/jarek/Projects/vcs/UniController/software/00_controller/lib_boards/Nucleo-H755ZI-Q/Drivers/STM32H7xx_HAL_Driver/Src/stm32h7xx_hal_i2c.c:5219:26:I2C_Slave_ISR_IT	16	static
/home/jarek/Projects/vcs/UniController/software/00_controller/lib_boards/Nucleo-H755ZI-Q/Drivers/STM32H7xx_HAL_Driver/Src/stm32h7xx_hal_i2c.c:6917:13:I2C_DMAAbort	0	static
/home/jarek/Projects/vcs/UniController/software/00_controller/lib_boards/Nucleo-H755ZI-Q/Drivers/STM32H7xx_HAL_Driver/Src/stm32h7xx_hal_i2c.c:4877:22:HAL_I2C_GetState	0	static
/home/jarek/Projects/vcs/UniController/software/00_controller/lib_boards/Nucleo-H755ZI-Q/Drivers/STM32H7xx_HAL_Driver/Src/stm32h7xx_hal_i2c.c:4889:21:HAL_I2C_GetMode	0	static
/home/jarek/Projects/vcs/UniController/software/00_controller/lib_boards/Nucleo-H755ZI-Q/Drivers/STM32H7xx_HAL_Driver/Src/stm32h7xx_hal_i2c.c:4900:10:HAL_I2C_GetError	0	static
