/home/jarek/Projects/vcs/UniController/software/00_controller/lib_boards/Nucleo-H755ZI-Q/Drivers/STM32H7xx_HAL_Driver/Src/stm32h7xx_hal_uart_ex.c:1003:13:UARTEx_SetNbDataToProcess	12	static
/home/jarek/Projects/vcs/UniController/software/00_controller/lib_boards/Nucleo-H755ZI-Q/Drivers/STM32H7xx_HAL_Driver/Src/stm32h7xx_hal_uart_ex.c:166:19:HAL_RS485Ex_Init	24	static
/home/jarek/Projects/vcs/UniController/software/00_controller/lib_boards/Nucleo-H755ZI-Q/Drivers/STM32H7xx_HAL_Driver/Src/stm32h7xx_hal_uart_ex.c:274:13:HAL_UARTEx_WakeupCallback	0	static
/home/jarek/Projects/vcs/UniController/software/00_controller/lib_boards/Nucleo-H755ZI-Q/Drivers/STM32H7xx_HAL_Driver/Src/stm32h7xx_hal_uart_ex.c:289:13:HAL_UARTEx_RxFifoFullCallback	0	static
/home/jarek/Projects/vcs/UniController/software/00_controller/lib_boards/Nucleo-H755ZI-Q/Drivers/STM32H7xx_HAL_Driver/Src/stm32h7xx_hal_uart_ex.c:304:13:HAL_UARTEx_TxFifoEmptyCallback	0	static
/home/jarek/Projects/vcs/UniController/software/00_controller/lib_boards/Nucleo-H755ZI-Q/Drivers/STM32H7xx_HAL_Driver/Src/stm32h7xx_hal_uart_ex.c:389:19:HAL_MultiProcessorEx_AddressLength_Set	0	static
/home/jarek/Projects/vcs/UniController/software/00_controller/lib_boards/Nucleo-H755ZI-Q/Drivers/STM32H7xx_HAL_Driver/Src/stm32h7xx_hal_uart_ex.c:427:19:HAL_UARTEx_StopModeWakeUpSourceConfig	24	static
/home/jarek/Projects/vcs/UniController/software/00_controller/lib_boards/Nucleo-H755ZI-Q/Drivers/STM32H7xx_HAL_Driver/Src/stm32h7xx_hal_uart_ex.c:482:19:HAL_UARTEx_EnableStopMode	0	static,ignoring_inline_asm
/home/jarek/Projects/vcs/UniController/software/00_controller/lib_boards/Nucleo-H755ZI-Q/Drivers/STM32H7xx_HAL_Driver/Src/stm32h7xx_hal_uart_ex.c:501:19:HAL_UARTEx_DisableStopMode	0	static,ignoring_inline_asm
/home/jarek/Projects/vcs/UniController/software/00_controller/lib_boards/Nucleo-H755ZI-Q/Drivers/STM32H7xx_HAL_Driver/Src/stm32h7xx_hal_uart_ex.c:520:19:HAL_UARTEx_EnableFifoMode	8	static
/home/jarek/Projects/vcs/UniController/software/00_controller/lib_boards/Nucleo-H755ZI-Q/Drivers/STM32H7xx_HAL_Driver/Src/stm32h7xx_hal_uart_ex.c:561:19:HAL_UARTEx_DisableFifoMode	0	static
/home/jarek/Projects/vcs/UniController/software/00_controller/lib_boards/Nucleo-H755ZI-Q/Drivers/STM32H7xx_HAL_Driver/Src/stm32h7xx_hal_uart_ex.c:607:19:HAL_UARTEx_SetTxFifoThreshold	16	static
/home/jarek/Projects/vcs/UniController/software/00_controller/lib_boards/Nucleo-H755ZI-Q/Drivers/STM32H7xx_HAL_Driver/Src/stm32h7xx_hal_uart_ex.c:656:19:HAL_UARTEx_SetRxFifoThreshold	16	static
/home/jarek/Projects/vcs/UniController/software/00_controller/lib_boards/Nucleo-H755ZI-Q/Drivers/STM32H7xx_HAL_Driver/Src/stm32h7xx_hal_uart_ex.c:713:19:HAL_UARTEx_ReceiveToIdle	40	static
/home/jarek/Projects/vcs/UniController/software/00_controller/lib_boards/Nucleo-H755ZI-Q/Drivers/STM32H7xx_HAL_Driver/Src/stm32h7xx_hal_uart_ex.c:836:19:HAL_UARTEx_ReceiveToIdle_IT	16	static,ignoring_inline_asm
/home/jarek/Projects/vcs/UniController/software/00_controller/lib_boards/Nucleo-H755ZI-Q/Drivers/STM32H7xx_HAL_Driver/Src/stm32h7xx_hal_uart_ex.c:893:19:HAL_UARTEx_ReceiveToIdle_DMA	16	static,ignoring_inline_asm
/home/jarek/Projects/vcs/UniController/software/00_controller/lib_boards/Nucleo-H755ZI-Q/Drivers/STM32H7xx_HAL_Driver/Src/stm32h7xx_hal_uart_ex.c:961:29:HAL_UARTEx_GetRxEventType	0	static
