/home/jarek/Projects/vcs/UniController/software/00_controller/lib_boards/Nucleo-H755ZI-Q/Drivers/STM32H7xx_HAL_Driver/Src/stm32h7xx_hal_eth.c:1283:13:HAL_ETH_RxLinkCallback	0	static
/home/jarek/Projects/vcs/UniController/software/00_controller/lib_boards/Nucleo-H755ZI-Q/Drivers/STM32H7xx_HAL_Driver/Src/stm32h7xx_hal_eth.c:2787:13:ETH_SetMACConfig	8	static
/home/jarek/Projects/vcs/UniController/software/00_controller/lib_boards/Nucleo-H755ZI-Q/Drivers/STM32H7xx_HAL_Driver/Src/stm32h7xx_hal_eth.c:2864:13:ETH_SetDMAConfig	8	static
/home/jarek/Projects/vcs/UniController/software/00_controller/lib_boards/Nucleo-H755ZI-Q/Drivers/STM32H7xx_HAL_Driver/Src/stm32h7xx_hal_eth.c:3062:17:ETH_Prepare_Tx_Descriptors	48	static,ignoring_inline_asm
/home/jarek/Projects/vcs/UniController/software/00_controller/lib_boards/Nucleo-H755ZI-Q/Drivers/STM32H7xx_HAL_Driver/Src/stm32h7xx_hal_eth.c:1266:13:HAL_ETH_RxAllocateCallback	0	static
/home/jarek/Projects/vcs/UniController/software/00_controller/lib_boards/Nucleo-H755ZI-Q/Drivers/STM32H7xx_HAL_Driver/Src/stm32h7xx_hal_eth.c:1152:13:ETH_UpdateDescriptor	40	static,ignoring_inline_asm
/home/jarek/Projects/vcs/UniController/software/00_controller/lib_boards/Nucleo-H755ZI-Q/Drivers/STM32H7xx_HAL_Driver/Src/stm32h7xx_hal_eth.c:1385:13:HAL_ETH_TxFreeCallback	0	static
/home/jarek/Projects/vcs/UniController/software/00_controller/lib_boards/Nucleo-H755ZI-Q/Drivers/STM32H7xx_HAL_Driver/Src/stm32h7xx_hal_eth.c:467:13:HAL_ETH_MspInit	0	static
/home/jarek/Projects/vcs/UniController/software/00_controller/lib_boards/Nucleo-H755ZI-Q/Drivers/STM32H7xx_HAL_Driver/Src/stm32h7xx_hal_eth.c:482:13:HAL_ETH_MspDeInit	0	static
/home/jarek/Projects/vcs/UniController/software/00_controller/lib_boards/Nucleo-H755ZI-Q/Drivers/STM32H7xx_HAL_Driver/Src/stm32h7xx_hal_eth.c:434:19:HAL_ETH_DeInit	8	static
/home/jarek/Projects/vcs/UniController/software/00_controller/lib_boards/Nucleo-H755ZI-Q/Drivers/STM32H7xx_HAL_Driver/Src/stm32h7xx_hal_eth.c:717:19:HAL_ETH_Start	16	static
/home/jarek/Projects/vcs/UniController/software/00_controller/lib_boards/Nucleo-H755ZI-Q/Drivers/STM32H7xx_HAL_Driver/Src/stm32h7xx_hal_eth.c:763:19:HAL_ETH_Start_IT	16	static
/home/jarek/Projects/vcs/UniController/software/00_controller/lib_boards/Nucleo-H755ZI-Q/Drivers/STM32H7xx_HAL_Driver/Src/stm32h7xx_hal_eth.c:819:19:HAL_ETH_Stop	0	static
/home/jarek/Projects/vcs/UniController/software/00_controller/lib_boards/Nucleo-H755ZI-Q/Drivers/STM32H7xx_HAL_Driver/Src/stm32h7xx_hal_eth.c:858:19:HAL_ETH_Stop_IT	8	static
/home/jarek/Projects/vcs/UniController/software/00_controller/lib_boards/Nucleo-H755ZI-Q/Drivers/STM32H7xx_HAL_Driver/Src/stm32h7xx_hal_eth.c:919:19:HAL_ETH_Transmit	24	static,ignoring_inline_asm
/home/jarek/Projects/vcs/UniController/software/00_controller/lib_boards/Nucleo-H755ZI-Q/Drivers/STM32H7xx_HAL_Driver/Src/stm32h7xx_hal_eth.c:994:19:HAL_ETH_Transmit_IT	8	static,ignoring_inline_asm
/home/jarek/Projects/vcs/UniController/software/00_controller/lib_boards/Nucleo-H755ZI-Q/Drivers/STM32H7xx_HAL_Driver/Src/stm32h7xx_hal_eth.c:1040:19:HAL_ETH_ReadData	56	static
/home/jarek/Projects/vcs/UniController/software/00_controller/lib_boards/Nucleo-H755ZI-Q/Drivers/STM32H7xx_HAL_Driver/Src/stm32h7xx_hal_eth.c:1232:19:HAL_ETH_RegisterRxAllocateCallback	0	static
/home/jarek/Projects/vcs/UniController/software/00_controller/lib_boards/Nucleo-H755ZI-Q/Drivers/STM32H7xx_HAL_Driver/Src/stm32h7xx_hal_eth.c:1253:19:HAL_ETH_UnRegisterRxAllocateCallback	0	static
/home/jarek/Projects/vcs/UniController/software/00_controller/lib_boards/Nucleo-H755ZI-Q/Drivers/STM32H7xx_HAL_Driver/Src/stm32h7xx_hal_eth.c:1302:19:HAL_ETH_RegisterRxLinkCallback	0	static
/home/jarek/Projects/vcs/UniController/software/00_controller/lib_boards/Nucleo-H755ZI-Q/Drivers/STM32H7xx_HAL_Driver/Src/stm32h7xx_hal_eth.c:1322:19:HAL_ETH_UnRegisterRxLinkCallback	0	static
/home/jarek/Projects/vcs/UniController/software/00_controller/lib_boards/Nucleo-H755ZI-Q/Drivers/STM32H7xx_HAL_Driver/Src/stm32h7xx_hal_eth.c:1337:19:HAL_ETH_GetRxDataErrorCode	0	static
/home/jarek/Projects/vcs/UniController/software/00_controller/lib_boards/Nucleo-H755ZI-Q/Drivers/STM32H7xx_HAL_Driver/Src/stm32h7xx_hal_eth.c:1352:19:HAL_ETH_RegisterTxFreeCallback	0	static
/home/jarek/Projects/vcs/UniController/software/00_controller/lib_boards/Nucleo-H755ZI-Q/Drivers/STM32H7xx_HAL_Driver/Src/stm32h7xx_hal_eth.c:1372:19:HAL_ETH_UnRegisterTxFreeCallback	0	static
/home/jarek/Projects/vcs/UniController/software/00_controller/lib_boards/Nucleo-H755ZI-Q/Drivers/STM32H7xx_HAL_Driver/Src/stm32h7xx_hal_eth.c:1400:19:HAL_ETH_ReleaseTxPacket	32	static
/home/jarek/Projects/vcs/UniController/software/00_controller/lib_boards/Nucleo-H755ZI-Q/Drivers/STM32H7xx_HAL_Driver/Src/stm32h7xx_hal_eth.c:2044:13:HAL_ETH_TxCpltCallback	0	static
/home/jarek/Projects/vcs/UniController/software/00_controller/lib_boards/Nucleo-H755ZI-Q/Drivers/STM32H7xx_HAL_Driver/Src/stm32h7xx_hal_eth.c:2059:13:HAL_ETH_RxCpltCallback	0	static
/home/jarek/Projects/vcs/UniController/software/00_controller/lib_boards/Nucleo-H755ZI-Q/Drivers/STM32H7xx_HAL_Driver/Src/stm32h7xx_hal_eth.c:2074:13:HAL_ETH_ErrorCallback	0	static
/home/jarek/Projects/vcs/UniController/software/00_controller/lib_boards/Nucleo-H755ZI-Q/Drivers/STM32H7xx_HAL_Driver/Src/stm32h7xx_hal_eth.c:2089:13:HAL_ETH_PMTCallback	0	static
/home/jarek/Projects/vcs/UniController/software/00_controller/lib_boards/Nucleo-H755ZI-Q/Drivers/STM32H7xx_HAL_Driver/Src/stm32h7xx_hal_eth.c:2104:13:HAL_ETH_EEECallback	0	static
/home/jarek/Projects/vcs/UniController/software/00_controller/lib_boards/Nucleo-H755ZI-Q/Drivers/STM32H7xx_HAL_Driver/Src/stm32h7xx_hal_eth.c:2119:13:HAL_ETH_WakeUpCallback	0	static
/home/jarek/Projects/vcs/UniController/software/00_controller/lib_boards/Nucleo-H755ZI-Q/Drivers/STM32H7xx_HAL_Driver/Src/stm32h7xx_hal_eth.c:1858:6:HAL_ETH_IRQHandler	32	static
/home/jarek/Projects/vcs/UniController/software/00_controller/lib_boards/Nucleo-H755ZI-Q/Drivers/STM32H7xx_HAL_Driver/Src/stm32h7xx_hal_eth.c:2137:19:HAL_ETH_ReadPHYRegister	16	static
/home/jarek/Projects/vcs/UniController/software/00_controller/lib_boards/Nucleo-H755ZI-Q/Drivers/STM32H7xx_HAL_Driver/Src/stm32h7xx_hal_eth.c:2192:19:HAL_ETH_WritePHYRegister	16	static
/home/jarek/Projects/vcs/UniController/software/00_controller/lib_boards/Nucleo-H755ZI-Q/Drivers/STM32H7xx_HAL_Driver/Src/stm32h7xx_hal_eth.c:2264:19:HAL_ETH_GetMACConfig	0	static
/home/jarek/Projects/vcs/UniController/software/00_controller/lib_boards/Nucleo-H755ZI-Q/Drivers/STM32H7xx_HAL_Driver/Src/stm32h7xx_hal_eth.c:2336:19:HAL_ETH_GetDMAConfig	0	static
/home/jarek/Projects/vcs/UniController/software/00_controller/lib_boards/Nucleo-H755ZI-Q/Drivers/STM32H7xx_HAL_Driver/Src/stm32h7xx_hal_eth.c:2370:19:HAL_ETH_SetMACConfig	8	static
/home/jarek/Projects/vcs/UniController/software/00_controller/lib_boards/Nucleo-H755ZI-Q/Drivers/STM32H7xx_HAL_Driver/Src/stm32h7xx_hal_eth.c:2397:19:HAL_ETH_SetDMAConfig	8	static
/home/jarek/Projects/vcs/UniController/software/00_controller/lib_boards/Nucleo-H755ZI-Q/Drivers/STM32H7xx_HAL_Driver/Src/stm32h7xx_hal_eth.c:2422:6:HAL_ETH_SetMDIOClockRange	16	static
/home/jarek/Projects/vcs/UniController/software/00_controller/lib_boards/Nucleo-H755ZI-Q/Drivers/STM32H7xx_HAL_Driver/Src/stm32h7xx_hal_eth.c:308:19:HAL_ETH_Init	168	static
/home/jarek/Projects/vcs/UniController/software/00_controller/lib_boards/Nucleo-H755ZI-Q/Drivers/STM32H7xx_HAL_Driver/Src/stm32h7xx_hal_eth.c:2480:19:HAL_ETH_SetMACFilterConfig	0	static
/home/jarek/Projects/vcs/UniController/software/00_controller/lib_boards/Nucleo-H755ZI-Q/Drivers/STM32H7xx_HAL_Driver/Src/stm32h7xx_hal_eth.c:2514:19:HAL_ETH_GetMACFilterConfig	0	static
/home/jarek/Projects/vcs/UniController/software/00_controller/lib_boards/Nucleo-H755ZI-Q/Drivers/STM32H7xx_HAL_Driver/Src/stm32h7xx_hal_eth.c:2551:19:HAL_ETH_SetSourceMACAddrMatch	8	static
/home/jarek/Projects/vcs/UniController/software/00_controller/lib_boards/Nucleo-H755ZI-Q/Drivers/STM32H7xx_HAL_Driver/Src/stm32h7xx_hal_eth.c:2587:19:HAL_ETH_SetHashTable	0	static
/home/jarek/Projects/vcs/UniController/software/00_controller/lib_boards/Nucleo-H755ZI-Q/Drivers/STM32H7xx_HAL_Driver/Src/stm32h7xx_hal_eth.c:2609:6:HAL_ETH_SetRxVLANIdentifier	0	static
/home/jarek/Projects/vcs/UniController/software/00_controller/lib_boards/Nucleo-H755ZI-Q/Drivers/STM32H7xx_HAL_Driver/Src/stm32h7xx_hal_eth.c:2631:6:HAL_ETH_EnterPowerDownMode	12	static
/home/jarek/Projects/vcs/UniController/software/00_controller/lib_boards/Nucleo-H755ZI-Q/Drivers/STM32H7xx_HAL_Driver/Src/stm32h7xx_hal_eth.c:2653:6:HAL_ETH_ExitPowerDownMode	0	static
/home/jarek/Projects/vcs/UniController/software/00_controller/lib_boards/Nucleo-H755ZI-Q/Drivers/STM32H7xx_HAL_Driver/Src/stm32h7xx_hal_eth.c:2677:19:HAL_ETH_SetWakeUpFilter	0	static
/home/jarek/Projects/vcs/UniController/software/00_controller/lib_boards/Nucleo-H755ZI-Q/Drivers/STM32H7xx_HAL_Driver/Src/stm32h7xx_hal_eth.c:2726:22:HAL_ETH_GetState	0	static
/home/jarek/Projects/vcs/UniController/software/00_controller/lib_boards/Nucleo-H755ZI-Q/Drivers/STM32H7xx_HAL_Driver/Src/stm32h7xx_hal_eth.c:2737:10:HAL_ETH_GetError	0	static
/home/jarek/Projects/vcs/UniController/software/00_controller/lib_boards/Nucleo-H755ZI-Q/Drivers/STM32H7xx_HAL_Driver/Src/stm32h7xx_hal_eth.c:2748:10:HAL_ETH_GetDMAError	0	static
/home/jarek/Projects/vcs/UniController/software/00_controller/lib_boards/Nucleo-H755ZI-Q/Drivers/STM32H7xx_HAL_Driver/Src/stm32h7xx_hal_eth.c:2759:10:HAL_ETH_GetMACError	0	static
/home/jarek/Projects/vcs/UniController/software/00_controller/lib_boards/Nucleo-H755ZI-Q/Drivers/STM32H7xx_HAL_Driver/Src/stm32h7xx_hal_eth.c:2770:10:HAL_ETH_GetMACWakeUpSource	0	static
