/home/jarek/Projects/vcs/UniController/software/00_controller/lib_boards/Nucleo-H755ZI-Q/Middlewares/Third_Party/LwIP/src/core/ipv4/dhcp.c:1417:1:dhcp_set_state	0	static
/home/jarek/Projects/vcs/UniController/software/00_controller/lib_boards/Nucleo-H755ZI-Q/Middlewares/Third_Party/LwIP/src/core/ipv4/dhcp.c:1452:1:dhcp_option_short	24	static
/home/jarek/Projects/vcs/UniController/software/00_controller/lib_boards/Nucleo-H755ZI-Q/Middlewares/Third_Party/LwIP/src/core/ipv4/dhcp.c:1432:1:dhcp_option	24	static
/home/jarek/Projects/vcs/UniController/software/00_controller/lib_boards/Nucleo-H755ZI-Q/Middlewares/Third_Party/LwIP/src/core/ipv4/dhcp.c:1444:1:dhcp_option_byte	16	static
/home/jarek/Projects/vcs/UniController/software/00_controller/lib_boards/Nucleo-H755ZI-Q/Middlewares/Third_Party/LwIP/src/core/ipv4/dhcp.c:1461:1:dhcp_option_long	24	static
/home/jarek/Projects/vcs/UniController/software/00_controller/lib_boards/Nucleo-H755ZI-Q/Middlewares/Third_Party/LwIP/src/core/ipv4/dhcp.c:1874:1:dhcp_create_msg	32	static
/home/jarek/Projects/vcs/UniController/software/00_controller/lib_boards/Nucleo-H755ZI-Q/Middlewares/Third_Party/LwIP/src/core/ipv4/dhcp.c:1960:1:dhcp_option_trailer	24	static
/home/jarek/Projects/vcs/UniController/software/00_controller/lib_boards/Nucleo-H755ZI-Q/Middlewares/Third_Party/LwIP/src/core/ipv4/dhcp.c:981:1:dhcp_discover	48	static
/home/jarek/Projects/vcs/UniController/software/00_controller/lib_boards/Nucleo-H755ZI-Q/Middlewares/Third_Party/LwIP/src/core/ipv4/dhcp.c:303:1:dhcp_check	16	static
/home/jarek/Projects/vcs/UniController/software/00_controller/lib_boards/Nucleo-H755ZI-Q/Middlewares/Third_Party/LwIP/src/core/ipv4/dhcp.c:1040:1:dhcp_bind	16	static
/home/jarek/Projects/vcs/UniController/software/00_controller/lib_boards/Nucleo-H755ZI-Q/Middlewares/Third_Party/LwIP/src/core/ipv4/dhcp.c:226:1:dhcp_inc_pcb_refcount	16	static
/home/jarek/Projects/vcs/UniController/software/00_controller/lib_boards/Nucleo-H755ZI-Q/Middlewares/Third_Party/LwIP/src/core/ipv4/dhcp.c:253:1:dhcp_dec_pcb_refcount	16	static
/home/jarek/Projects/vcs/UniController/software/00_controller/lib_boards/Nucleo-H755ZI-Q/Middlewares/Third_Party/LwIP/src/core/ipv4/dhcp.c:1260:1:dhcp_reboot.isra	48	static
/home/jarek/Projects/vcs/UniController/software/00_controller/lib_boards/Nucleo-H755ZI-Q/Middlewares/Third_Party/LwIP/src/core/ipv4/dhcp.c:599:1:dhcp_handle_ack.isra	16	static
/home/jarek/Projects/vcs/UniController/software/00_controller/lib_boards/Nucleo-H755ZI-Q/Middlewares/Third_Party/LwIP/src/core/ipv4/dhcp.c:366:1:dhcp_select.isra	48	static
/home/jarek/Projects/vcs/UniController/software/00_controller/lib_boards/Nucleo-H755ZI-Q/Middlewares/Third_Party/LwIP/src/core/ipv4/dhcp.c:1754:1:dhcp_recv	64	static
/home/jarek/Projects/vcs/UniController/software/00_controller/lib_boards/Nucleo-H755ZI-Q/Middlewares/Third_Party/LwIP/src/core/ipv4/dhcp.c:690:1:dhcp_set_struct	16	static
/home/jarek/Projects/vcs/UniController/software/00_controller/lib_boards/Nucleo-H755ZI-Q/Middlewares/Third_Party/LwIP/src/core/ipv4/dhcp.c:712:6:dhcp_cleanup	8	static
/home/jarek/Projects/vcs/UniController/software/00_controller/lib_boards/Nucleo-H755ZI-Q/Middlewares/Third_Party/LwIP/src/core/ipv4/dhcp.c:814:1:dhcp_inform	80	static
/home/jarek/Projects/vcs/UniController/software/00_controller/lib_boards/Nucleo-H755ZI-Q/Middlewares/Third_Party/LwIP/src/core/ipv4/dhcp.c:858:1:dhcp_network_changed	16	static
/home/jarek/Projects/vcs/UniController/software/00_controller/lib_boards/Nucleo-H755ZI-Q/Middlewares/Third_Party/LwIP/src/core/ipv4/dhcp.c:903:1:dhcp_arp_reply	40	static
/home/jarek/Projects/vcs/UniController/software/00_controller/lib_boards/Nucleo-H755ZI-Q/Middlewares/Third_Party/LwIP/src/core/ipv4/dhcp.c:1150:1:dhcp_renew	48	static
/home/jarek/Projects/vcs/UniController/software/00_controller/lib_boards/Nucleo-H755ZI-Q/Middlewares/Third_Party/LwIP/src/core/ipv4/dhcp.c:1980:1:dhcp_supplied_address	0	static
/home/jarek/Projects/vcs/UniController/software/00_controller/lib_boards/Nucleo-H755ZI-Q/Middlewares/Third_Party/LwIP/src/core/ipv4/dhcp.c:1318:1:dhcp_release_and_stop	40	static
/home/jarek/Projects/vcs/UniController/software/00_controller/lib_boards/Nucleo-H755ZI-Q/Middlewares/Third_Party/LwIP/src/core/ipv4/dhcp.c:737:1:dhcp_start	16	static
/home/jarek/Projects/vcs/UniController/software/00_controller/lib_boards/Nucleo-H755ZI-Q/Middlewares/Third_Party/LwIP/src/core/ipv4/dhcp.c:430:1:dhcp_coarse_tmr	48	static
/home/jarek/Projects/vcs/UniController/software/00_controller/lib_boards/Nucleo-H755ZI-Q/Middlewares/Third_Party/LwIP/src/core/ipv4/dhcp.c:468:1:dhcp_fine_tmr	8	static
/home/jarek/Projects/vcs/UniController/software/00_controller/lib_boards/Nucleo-H755ZI-Q/Middlewares/Third_Party/LwIP/src/core/ipv4/dhcp.c:1394:1:dhcp_release	8	static
/home/jarek/Projects/vcs/UniController/software/00_controller/lib_boards/Nucleo-H755ZI-Q/Middlewares/Third_Party/LwIP/src/core/ipv4/dhcp.c:1406:1:dhcp_stop	0	static
