/home/jarek/Projects/vcs/UniController/software/00_controller/lib_boards/Nucleo-H755ZI-Q/Drivers/BSP/STM32H7xx_Nucleo/stm32h7xx_nucleo.c:115:9:BSP_GetVersion	4	static
/home/jarek/Projects/vcs/UniController/software/00_controller/lib_boards/Nucleo-H755ZI-Q/Drivers/BSP/STM32H7xx_Nucleo/stm32h7xx_nucleo.c:129:9:BSP_LED_Init	56	static
/home/jarek/Projects/vcs/UniController/software/00_controller/lib_boards/Nucleo-H755ZI-Q/Drivers/BSP/STM32H7xx_Nucleo/stm32h7xx_nucleo.c:176:9:BSP_LED_DeInit	40	static
/home/jarek/Projects/vcs/UniController/software/00_controller/lib_boards/Nucleo-H755ZI-Q/Drivers/BSP/STM32H7xx_Nucleo/stm32h7xx_nucleo.c:206:9:BSP_LED_On	24	static
/home/jarek/Projects/vcs/UniController/software/00_controller/lib_boards/Nucleo-H755ZI-Q/Drivers/BSP/STM32H7xx_Nucleo/stm32h7xx_nucleo.c:231:9:BSP_LED_Off	24	static
/home/jarek/Projects/vcs/UniController/software/00_controller/lib_boards/Nucleo-H755ZI-Q/Drivers/BSP/STM32H7xx_Nucleo/stm32h7xx_nucleo.c:256:9:BSP_LED_Toggle	24	static
/home/jarek/Projects/vcs/UniController/software/00_controller/lib_boards/Nucleo-H755ZI-Q/Drivers/BSP/STM32H7xx_Nucleo/stm32h7xx_nucleo.c:281:9:BSP_LED_GetState	24	static
/home/jarek/Projects/vcs/UniController/software/00_controller/lib_boards/Nucleo-H755ZI-Q/Drivers/BSP/STM32H7xx_Nucleo/stm32h7xx_nucleo.c:308:9:BSP_PB_Init	40	static
/home/jarek/Projects/vcs/UniController/software/00_controller/lib_boards/Nucleo-H755ZI-Q/Drivers/BSP/STM32H7xx_Nucleo/stm32h7xx_nucleo.c:353:9:BSP_PB_DeInit	40	static
/home/jarek/Projects/vcs/UniController/software/00_controller/lib_boards/Nucleo-H755ZI-Q/Drivers/BSP/STM32H7xx_Nucleo/stm32h7xx_nucleo.c:371:9:BSP_PB_GetState	16	static
/home/jarek/Projects/vcs/UniController/software/00_controller/lib_boards/Nucleo-H755ZI-Q/Drivers/BSP/STM32H7xx_Nucleo/stm32h7xx_nucleo.c:381:6:BSP_PB_IRQHandler	16	static
/home/jarek/Projects/vcs/UniController/software/00_controller/lib_boards/Nucleo-H755ZI-Q/Drivers/BSP/STM32H7xx_Nucleo/stm32h7xx_nucleo.c:391:13:BSP_PB_Callback	16	static
/home/jarek/Projects/vcs/UniController/software/00_controller/lib_boards/Nucleo-H755ZI-Q/Drivers/BSP/STM32H7xx_Nucleo/stm32h7xx_nucleo.c:613:13:BUTTON_USER_EXTI_Callback	8	static
