../USB_DEVICE/Target/usbd_conf.c:66:6:HAL_PCD_MspInit	240	static
../USB_DEVICE/Target/usbd_conf.c:127:6:HAL_PCD_MspDeInit	8	static
../USB_DEVICE/Target/usbd_conf.c:162:6:HAL_PCD_SetupStageCallback	0	static
../USB_DEVICE/Target/usbd_conf.c:177:6:HAL_PCD_DataOutStageCallback	0	static
../USB_DEVICE/Target/usbd_conf.c:192:6:HAL_PCD_DataInStageCallback	0	static
../USB_DEVICE/Target/usbd_conf.c:206:6:HAL_PCD_SOFCallback	0	static
../USB_DEVICE/Target/usbd_conf.c:220:6:HAL_PCD_ResetCallback	8	static
../USB_DEVICE/Target/usbd_conf.c:253:6:HAL_PCD_SuspendCallback	8	static
../USB_DEVICE/Target/usbd_conf.c:278:6:HAL_PCD_ResumeCallback	0	static
../USB_DEVICE/Target/usbd_conf.c:296:6:HAL_PCD_ISOOUTIncompleteCallback	0	static
../USB_DEVICE/Target/usbd_conf.c:311:6:HAL_PCD_ISOINIncompleteCallback	0	static
../USB_DEVICE/Target/usbd_conf.c:325:6:HAL_PCD_ConnectCallback	0	static
../USB_DEVICE/Target/usbd_conf.c:339:6:HAL_PCD_DisconnectCallback	0	static
../USB_DEVICE/Target/usbd_conf.c:354:20:USBD_LL_Init	8	static
../USB_DEVICE/Target/usbd_conf.c:551:9:USBD_LL_IsStallEP	0	static
../USB_DEVICE/Target/usbd_conf.c:629:10:USBD_LL_GetRxDataSize	0	static
../USB_DEVICE/Target/usbd_conf.c:654:7:USBD_static_malloc	0	static
../USB_DEVICE/Target/usbd_conf.c:666:6:USBD_static_free	0	static
../USB_DEVICE/Target/usbd_conf.c:676:6:USBD_LL_Delay	0	static
../USB_DEVICE/Target/usbd_conf.c:686:20:USBD_Get_USB_Status	0	static
../USB_DEVICE/Target/usbd_conf.c:407:20:USBD_LL_DeInit	8	static
../USB_DEVICE/Target/usbd_conf.c:424:20:USBD_LL_Start	8	static
../USB_DEVICE/Target/usbd_conf.c:441:20:USBD_LL_Stop	8	static
../USB_DEVICE/Target/usbd_conf.c:461:20:USBD_LL_OpenEP	8	static
../USB_DEVICE/Target/usbd_conf.c:479:20:USBD_LL_CloseEP	8	static
../USB_DEVICE/Target/usbd_conf.c:497:20:USBD_LL_FlushEP	8	static
../USB_DEVICE/Target/usbd_conf.c:515:20:USBD_LL_StallEP	8	static
../USB_DEVICE/Target/usbd_conf.c:533:20:USBD_LL_ClearStallEP	8	static
../USB_DEVICE/Target/usbd_conf.c:571:20:USBD_LL_SetUSBAddress	8	static
../USB_DEVICE/Target/usbd_conf.c:591:20:USBD_LL_Transmit	8	static
../USB_DEVICE/Target/usbd_conf.c:611:20:USBD_LL_PrepareReceive	8	static
