Archive member included to satisfy reference by file (symbol)

/opt/st/stm32cubeide_1.16.1/plugins/com.st.stm32cube.ide.mcu.externaltools.gnu-tools-for-stm32.12.3.rel1.linux64_1.0.200.202406132123/tools/bin/../lib/gcc/arm-none-eabi/12.3.1/../../../../arm-none-eabi/lib/thumb/v7e-m+dp/hard/libc_nano.a(libc_a-atoi.o)
                              ./Middlewares/Third_Party/LwIP/netif.o (atoi)
/opt/st/stm32cubeide_1.16.1/plugins/com.st.stm32cube.ide.mcu.externaltools.gnu-tools-for-stm32.12.3.rel1.linux64_1.0.200.202406132123/tools/bin/../lib/gcc/arm-none-eabi/12.3.1/../../../../arm-none-eabi/lib/thumb/v7e-m+dp/hard/libc_nano.a(libc_a-exit.o)
                              /opt/st/stm32cubeide_1.16.1/plugins/com.st.stm32cube.ide.mcu.externaltools.gnu-tools-for-stm32.12.3.rel1.linux64_1.0.200.202406132123/tools/bin/../lib/gcc/arm-none-eabi/12.3.1/../../../../arm-none-eabi/lib/thumb/v7e-m+dp/hard/crt0.o (exit)
/opt/st/stm32cubeide_1.16.1/plugins/com.st.stm32cube.ide.mcu.externaltools.gnu-tools-for-stm32.12.3.rel1.linux64_1.0.200.202406132123/tools/bin/../lib/gcc/arm-none-eabi/12.3.1/../../../../arm-none-eabi/lib/thumb/v7e-m+dp/hard/libc_nano.a(libc_a-rand.o)
                              ./Middlewares/Third_Party/LwIP/dhcp.o (rand)
/opt/st/stm32cubeide_1.16.1/plugins/com.st.stm32cube.ide.mcu.externaltools.gnu-tools-for-stm32.12.3.rel1.linux64_1.0.200.202406132123/tools/bin/../lib/gcc/arm-none-eabi/12.3.1/../../../../arm-none-eabi/lib/thumb/v7e-m+dp/hard/libc_nano.a(libc_a-strtol.o)
                              /opt/st/stm32cubeide_1.16.1/plugins/com.st.stm32cube.ide.mcu.externaltools.gnu-tools-for-stm32.12.3.rel1.linux64_1.0.200.202406132123/tools/bin/../lib/gcc/arm-none-eabi/12.3.1/../../../../arm-none-eabi/lib/thumb/v7e-m+dp/hard/libc_nano.a(libc_a-atoi.o) (_strtol_r)
/opt/st/stm32cubeide_1.16.1/plugins/com.st.stm32cube.ide.mcu.externaltools.gnu-tools-for-stm32.12.3.rel1.linux64_1.0.200.202406132123/tools/bin/../lib/gcc/arm-none-eabi/12.3.1/../../../../arm-none-eabi/lib/thumb/v7e-m+dp/hard/libc_nano.a(libc_a-ctype_.o)
                              ./Middlewares/Third_Party/LwIP/ip4_addr.o (_ctype_)
/opt/st/stm32cubeide_1.16.1/plugins/com.st.stm32cube.ide.mcu.externaltools.gnu-tools-for-stm32.12.3.rel1.linux64_1.0.200.202406132123/tools/bin/../lib/gcc/arm-none-eabi/12.3.1/../../../../arm-none-eabi/lib/thumb/v7e-m+dp/hard/libc_nano.a(libc_a-findfp.o)
                              ./Middlewares/Third_Party/FreeRTOS/tasks.o (__sf)
/opt/st/stm32cubeide_1.16.1/plugins/com.st.stm32cube.ide.mcu.externaltools.gnu-tools-for-stm32.12.3.rel1.linux64_1.0.200.202406132123/tools/bin/../lib/gcc/arm-none-eabi/12.3.1/../../../../arm-none-eabi/lib/thumb/v7e-m+dp/hard/libc_nano.a(libc_a-fwalk.o)
                              /opt/st/stm32cubeide_1.16.1/plugins/com.st.stm32cube.ide.mcu.externaltools.gnu-tools-for-stm32.12.3.rel1.linux64_1.0.200.202406132123/tools/bin/../lib/gcc/arm-none-eabi/12.3.1/../../../../arm-none-eabi/lib/thumb/v7e-m+dp/hard/libc_nano.a(libc_a-findfp.o) (_fwalk_sglue)
/opt/st/stm32cubeide_1.16.1/plugins/com.st.stm32cube.ide.mcu.externaltools.gnu-tools-for-stm32.12.3.rel1.linux64_1.0.200.202406132123/tools/bin/../lib/gcc/arm-none-eabi/12.3.1/../../../../arm-none-eabi/lib/thumb/v7e-m+dp/hard/libc_nano.a(libc_a-printf.o)
                              ./LWIP/Target/ethernetif.o (printf)
/opt/st/stm32cubeide_1.16.1/plugins/com.st.stm32cube.ide.mcu.externaltools.gnu-tools-for-stm32.12.3.rel1.linux64_1.0.200.202406132123/tools/bin/../lib/gcc/arm-none-eabi/12.3.1/../../../../arm-none-eabi/lib/thumb/v7e-m+dp/hard/libc_nano.a(libc_a-stdio.o)
                              /opt/st/stm32cubeide_1.16.1/plugins/com.st.stm32cube.ide.mcu.externaltools.gnu-tools-for-stm32.12.3.rel1.linux64_1.0.200.202406132123/tools/bin/../lib/gcc/arm-none-eabi/12.3.1/../../../../arm-none-eabi/lib/thumb/v7e-m+dp/hard/libc_nano.a(libc_a-findfp.o) (__sread)
/opt/st/stm32cubeide_1.16.1/plugins/com.st.stm32cube.ide.mcu.externaltools.gnu-tools-for-stm32.12.3.rel1.linux64_1.0.200.202406132123/tools/bin/../lib/gcc/arm-none-eabi/12.3.1/../../../../arm-none-eabi/lib/thumb/v7e-m+dp/hard/libc_nano.a(libc_a-memcmp.o)
                              ./Middlewares/Third_Party/LwIP/bridgeif_fdb.o (memcmp)
/opt/st/stm32cubeide_1.16.1/plugins/com.st.stm32cube.ide.mcu.externaltools.gnu-tools-for-stm32.12.3.rel1.linux64_1.0.200.202406132123/tools/bin/../lib/gcc/arm-none-eabi/12.3.1/../../../../arm-none-eabi/lib/thumb/v7e-m+dp/hard/libc_nano.a(libc_a-memmove.o)
                              ./Middlewares/Third_Party/LwIP/def.o (memmove)
/opt/st/stm32cubeide_1.16.1/plugins/com.st.stm32cube.ide.mcu.externaltools.gnu-tools-for-stm32.12.3.rel1.linux64_1.0.200.202406132123/tools/bin/../lib/gcc/arm-none-eabi/12.3.1/../../../../arm-none-eabi/lib/thumb/v7e-m+dp/hard/libc_nano.a(libc_a-memset.o)
[...]
Memory Configuration

Name             Origin             Length             Attributes
RAM_D1           0x24000000         0x00080000         xrw
FLASH            0x08000000         0x00100000         xr
DTCMRAM          0x20000000         0x00020000         xrw
RAM_D2           0x30000000         0x00048000         xrw
RAM_D3           0x38000000         0x00010000         xrw
ITCMRAM          0x00000000         0x00010000         xrw
*default*        0x00000000         0xffffffff

Linker script and memory map

LOAD /opt/st/stm32cubeide_1.16.1/plugins/com.st.stm32cube.ide.mcu.externaltools.gnu-tools-for-stm32.12.3.rel1.linux64_1.0.200.202406132123/tools/bin/../lib/gcc/arm-none-eabi/12.3.1/thumb/v7e-m+dp/hard/crti.o
LOAD /opt/st/stm32cubeide_1.16.1/plugins/com.st.stm32cube.ide.mcu.externaltools.gnu-tools-for-stm32.12.3.rel1.linux64_1.0.200.202406132123/tools/bin/../lib/gcc/arm-none-eabi/12.3.1/thumb/v7e-m+dp/hard/crtbegin.o
LOAD /opt/st/stm32cubeide_1.16.1/plugins/com.st.stm32cube.ide.mcu.externaltools.gnu-tools-for-stm32.12.3.rel1.linux64_1.0.200.202406132123/tools/bin/../lib/gcc/arm-none-eabi/12.3.1/../../../../arm-none-eabi/lib/thumb/v7e-m+dp/hard/crt0.o
LOAD ./Common/Src/system_stm32h7xx_dualcore_boot_cm4_cm7.o
LOAD ./Core/Src/freertos.o
LOAD ./Core/Src/main.o
LOAD ./Core/Src/stm32h7xx_hal_msp.o
LOAD ./Core/Src/stm32h7xx_hal_timebase_tim.o
LOAD ./Core/Src/stm32h7xx_it.o
LOAD ./Core/Src/syscalls.o
LOAD ./Core/Src/sysmem.o
LOAD ./Core/Startup/startup_stm32h755zitx.o
LOAD ./Drivers/BSP/Component/lan8742.o
LOAD ./Drivers/BSP/STM32H7xx_Nucleo/stm32h7xx_nucleo.o
LOAD ./Drivers/STM32H7xx_HAL_Driver/stm32h7xx_hal.o
LOAD ./Drivers/STM32H7xx_HAL_Driver/stm32h7xx_hal_adc.o
LOAD ./Drivers/STM32H7xx_HAL_Driver/stm32h7xx_hal_adc_ex.o
LOAD ./Drivers/STM32H7xx_HAL_Driver/stm32h7xx_hal_cortex.o
LOAD ./Drivers/STM32H7xx_HAL_Driver/stm32h7xx_hal_dma.o
LOAD ./Drivers/STM32H7xx_HAL_Driver/stm32h7xx_hal_dma_ex.o
LOAD ./Drivers/STM32H7xx_HAL_Driver/stm32h7xx_hal_eth.o
LOAD ./Drivers/STM32H7xx_HAL_Driver/stm32h7xx_hal_eth_ex.o
LOAD ./Drivers/STM32H7xx_HAL_Driver/stm32h7xx_hal_exti.o
LOAD ./Drivers/STM32H7xx_HAL_Driver/stm32h7xx_hal_fdcan.o
LOAD ./Drivers/STM32H7xx_HAL_Driver/stm32h7xx_hal_flash.o
LOAD ./Drivers/STM32H7xx_HAL_Driver/stm32h7xx_hal_flash_ex.o
LOAD ./Drivers/STM32H7xx_HAL_Driver/stm32h7xx_hal_gpio.o
LOAD ./Drivers/STM32H7xx_HAL_Driver/stm32h7xx_hal_hsem.o
LOAD ./Drivers/STM32H7xx_HAL_Driver/stm32h7xx_hal_i2c.o
LOAD ./Drivers/STM32H7xx_HAL_Driver/stm32h7xx_hal_i2c_ex.o
LOAD ./Drivers/STM32H7xx_HAL_Driver/stm32h7xx_hal_mdma.o
LOAD ./Drivers/STM32H7xx_HAL_Driver/stm32h7xx_hal_pcd.o
LOAD ./Drivers/STM32H7xx_HAL_Driver/stm32h7xx_hal_pcd_ex.o
LOAD ./Drivers/STM32H7xx_HAL_Driver/stm32h7xx_hal_pwr.o
LOAD ./Drivers/STM32H7xx_HAL_Driver/stm32h7xx_hal_pwr_ex.o
LOAD ./Drivers/STM32H7xx_HAL_Driver/stm32h7xx_hal_rcc.o
LOAD ./Drivers/STM32H7xx_HAL_Driver/stm32h7xx_hal_rcc_ex.o
LOAD ./Drivers/STM32H7xx_HAL_Driver/stm32h7xx_hal_tim.o
LOAD ./Drivers/STM32H7xx_HAL_Driver/stm32h7xx_hal_tim_ex.o
LOAD ./Drivers/STM32H7xx_HAL_Driver/stm32h7xx_hal_uart.o
LOAD ./Drivers/STM32H7xx_HAL_Driver/stm32h7xx_hal_uart_ex.o
LOAD ./Drivers/STM32H7xx_HAL_Driver/stm32h7xx_hal_usart.o
LOAD ./Drivers/STM32H7xx_HAL_Driver/stm32h7xx_hal_usart_ex.o
LOAD ./Drivers/STM32H7xx_HAL_Driver/stm32h7xx_ll_usb.o
LOAD ./LWIP/App/lwip.o
LOAD ./LWIP/Target/ethernetif.o
LOAD ./Middlewares/ST/STM32_USB_Device_Library/usbd_cdc.o
LOAD ./Middlewares/ST/STM32_USB_Device_Library/usbd_core.o
LOAD ./Middlewares/ST/STM32_USB_Device_Library/usbd_ctlreq.o
LOAD ./Middlewares/ST/STM32_USB_Device_Library/usbd_ioreq.o
LOAD ./Middlewares/Third_Party/FreeRTOS/cmsis_os2.o
LOAD ./Middlewares/Third_Party/FreeRTOS/croutine.o
LOAD ./Middlewares/Third_Party/FreeRTOS/event_groups.o
LOAD ./Middlewares/Third_Party/FreeRTOS/heap_4.o
LOAD ./Middlewares/Third_Party/FreeRTOS/list.o
LOAD ./Middlewares/Third_Party/FreeRTOS/port.o
LOAD ./Middlewares/Third_Party/FreeRTOS/queue.o
LOAD ./Middlewares/Third_Party/FreeRTOS/stream_buffer.o
LOAD ./Middlewares/Third_Party/FreeRTOS/tasks.o
LOAD ./Middlewares/Third_Party/FreeRTOS/timers.o
LOAD ./Middlewares/Third_Party/LwIP/altcp.o
LOAD ./Middlewares/Third_Party/LwIP/altcp_alloc.o
LOAD ./Middlewares/Third_Party/LwIP/altcp_tcp.o
LOAD ./Middlewares/Third_Party/LwIP/api_lib.o
LOAD ./Middlewares/Third_Party/LwIP/api_msg.o
LOAD ./Middlewares/Third_Party/LwIP/auth.o
LOAD ./Middlewares/Third_Party/LwIP/autoip.o
LOAD ./Middlewares/Third_Party/LwIP/bridgeif.o
LOAD ./Middlewares/Third_Party/LwIP/bridgeif_fdb.o
LOAD ./Middlewares/Third_Party/LwIP/ccp.o
LOAD ./Middlewares/Third_Party/LwIP/chap-md5.o
LOAD ./Middlewares/Third_Party/LwIP/chap-new.o
LOAD ./Middlewares/Third_Party/LwIP/chap_ms.o
LOAD ./Middlewares/Third_Party/LwIP/def.o
LOAD ./Middlewares/Third_Party/LwIP/demand.o
LOAD ./Middlewares/Third_Party/LwIP/dhcp.o
LOAD ./Middlewares/Third_Party/LwIP/dhcp6.o
LOAD ./Middlewares/Third_Party/LwIP/dns.o
LOAD ./Middlewares/Third_Party/LwIP/eap.o
LOAD ./Middlewares/Third_Party/LwIP/ecp.o
LOAD ./Middlewares/Third_Party/LwIP/err.o
LOAD ./Middlewares/Third_Party/LwIP/etharp.o
LOAD ./Middlewares/Third_Party/LwIP/ethernet.o
LOAD ./Middlewares/Third_Party/LwIP/ethip6.o
LOAD ./Middlewares/Third_Party/LwIP/eui64.o
LOAD ./Middlewares/Third_Party/LwIP/fsm.o
LOAD ./Middlewares/Third_Party/LwIP/icmp.o
LOAD ./Middlewares/Third_Party/LwIP/icmp6.o
LOAD ./Middlewares/Third_Party/LwIP/if_api.o
LOAD ./Middlewares/Third_Party/LwIP/igmp.o
LOAD ./Middlewares/Third_Party/LwIP/inet6.o
LOAD ./Middlewares/Third_Party/LwIP/inet_chksum.o
LOAD ./Middlewares/Third_Party/LwIP/init.o
LOAD ./Middlewares/Third_Party/LwIP/ip.o
LOAD ./Middlewares/Third_Party/LwIP/ip4.o
LOAD ./Middlewares/Third_Party/LwIP/ip4_addr.o
LOAD ./Middlewares/Third_Party/LwIP/ip4_frag.o
LOAD ./Middlewares/Third_Party/LwIP/ip6.o
LOAD ./Middlewares/Third_Party/LwIP/ip6_addr.o
LOAD ./Middlewares/Third_Party/LwIP/ip6_frag.o
LOAD ./Middlewares/Third_Party/LwIP/ipcp.o
LOAD ./Middlewares/Third_Party/LwIP/ipv6cp.o
LOAD ./Middlewares/Third_Party/LwIP/lcp.o
LOAD ./Middlewares/Third_Party/LwIP/lowpan6.o
LOAD ./Middlewares/Third_Party/LwIP/lowpan6_ble.o
LOAD ./Middlewares/Third_Party/LwIP/lowpan6_common.o
LOAD ./Middlewares/Third_Party/LwIP/magic.o
LOAD ./Middlewares/Third_Party/LwIP/mem.o
LOAD ./Middlewares/Third_Party/LwIP/memp.o
LOAD ./Middlewares/Third_Party/LwIP/mld6.o
LOAD ./Middlewares/Third_Party/LwIP/mppe.o
LOAD ./Middlewares/Third_Party/LwIP/mqtt.o
LOAD ./Middlewares/Third_Party/LwIP/multilink.o
LOAD ./Middlewares/Third_Party/LwIP/nd6.o
LOAD ./Middlewares/Third_Party/LwIP/netbuf.o
LOAD ./Middlewares/Third_Party/LwIP/netdb.o
LOAD ./Middlewares/Third_Party/LwIP/netif.o
LOAD ./Middlewares/Third_Party/LwIP/netifapi.o
LOAD ./Middlewares/Third_Party/LwIP/pbuf.o
LOAD ./Middlewares/Third_Party/LwIP/ppp.o
LOAD ./Middlewares/Third_Party/LwIP/pppapi.o
LOAD ./Middlewares/Third_Party/LwIP/pppcrypt.o
LOAD ./Middlewares/Third_Party/LwIP/pppoe.o
LOAD ./Middlewares/Third_Party/LwIP/pppol2tp.o
LOAD ./Middlewares/Third_Party/LwIP/pppos.o
LOAD ./Middlewares/Third_Party/LwIP/raw.o
LOAD ./Middlewares/Third_Party/LwIP/slipif.o
LOAD ./Middlewares/Third_Party/LwIP/sockets.o
LOAD ./Middlewares/Third_Party/LwIP/stats.o
LOAD ./Middlewares/Third_Party/LwIP/sys.o
LOAD ./Middlewares/Third_Party/LwIP/sys_arch.o
LOAD ./Middlewares/Third_Party/LwIP/tcp.o
LOAD ./Middlewares/Third_Party/LwIP/tcp_in.o
LOAD ./Middlewares/Third_Party/LwIP/tcp_out.o
LOAD ./Middlewares/Third_Party/LwIP/tcpip.o
LOAD ./Middlewares/Third_Party/LwIP/timeouts.o
LOAD ./Middlewares/Third_Party/LwIP/udp.o
LOAD ./Middlewares/Third_Party/LwIP/upap.o
LOAD ./Middlewares/Third_Party/LwIP/utils.o
LOAD ./Middlewares/Third_Party/LwIP/vj.o
LOAD ./Middlewares/Third_Party/LwIP/zepif.o
LOAD ./USB_DEVICE/App/usb_device.o
LOAD ./USB_DEVICE/App/usbd_cdc_if.o
LOAD ./USB_DEVICE/App/usbd_desc.o
LOAD ./USB_DEVICE/Target/usbd_conf.o
START GROUP
LOAD /opt/st/stm32cubeide_1.16.1/plugins/com.st.stm32cube.ide.mcu.externaltools.gnu-tools-for-stm32.12.3.rel1.linux64_1.0.200.202406132123/tools/bin/../lib/gcc/arm-none-eabi/12.3.1/../../../../arm-none-eabi/lib/thumb/v7e-m+dp/hard/libc_nano.a
LOAD /opt/st/stm32cubeide_1.16.1/plugins/com.st.stm32cube.ide.mcu.externaltools.gnu-tools-for-stm32.12.3.rel1.linux64_1.0.200.202406132123/tools/bin/../lib/gcc/arm-none-eabi/12.3.1/../../../../arm-none-eabi/lib/thumb/v7e-m+dp/hard/libm.a
END GROUP
START GROUP
LOAD /opt/st/stm32cubeide_1.16.1/plugins/com.st.stm32cube.ide.mcu.externaltools.gnu-tools-for-stm32.12.3.rel1.linux64_1.0.200.202406132123/tools/bin/../lib/gcc/arm-none-eabi/12.3.1/thumb/v7e-m+dp/hard/libgcc.a
LOAD /opt/st/stm32cubeide_1.16.1/plugins/com.st.stm32cube.ide.mcu.externaltools.gnu-tools-for-stm32.12.3.rel1.linux64_1.0.200.202406132123/tools/bin/../lib/gcc/arm-none-eabi/12.3.1/../../../../arm-none-eabi/lib/thumb/v7e-m+dp/hard/libc_nano.a
END GROUP
START GROUP
LOAD /opt/st/stm32cubeide_1.16.1/plugins/com.st.stm32cube.ide.mcu.externaltools.gnu-tools-for-stm32.12.3.rel1.linux64_1.0.200.202406132123/tools/bin/../lib/gcc/arm-none-eabi/12.3.1/thumb/v7e-m+dp/hard/libgcc.a
LOAD /opt/st/stm32cubeide_1.16.1/plugins/com.st.stm32cube.ide.mcu.externaltools.gnu-tools-for-stm32.12.3.rel1.linux64_1.0.200.202406132123/tools/bin/../lib/gcc/arm-none-eabi/12.3.1/../../../../arm-none-eabi/lib/thumb/v7e-m+dp/hard/libc_nano.a
LOAD /opt/st/stm32cubeide_1.16.1/plugins/com.st.stm32cube.ide.mcu.externaltools.gnu-tools-for-stm32.12.3.rel1.linux64_1.0.200.202406132123/tools/bin/../lib/gcc/arm-none-eabi/12.3.1/../../../../arm-none-eabi/lib/thumb/v7e-m+dp/hard/libnosys.a
END GROUP
START GROUP
LOAD /opt/st/stm32cubeide_1.16.1/plugins/com.st.stm32cube.ide.mcu.externaltools.gnu-tools-for-stm32.12.3.rel1.linux64_1.0.200.202406132123/tools/bin/../lib/gcc/arm-none-eabi/12.3.1/thumb/v7e-m+dp/hard/libgcc.a
LOAD /opt/st/stm32cubeide_1.16.1/plugins/com.st.stm32cube.ide.mcu.externaltools.gnu-tools-for-stm32.12.3.rel1.linux64_1.0.200.202406132123/tools/bin/../lib/gcc/arm-none-eabi/12.3.1/../../../../arm-none-eabi/lib/thumb/v7e-m+dp/hard/libc_nano.a
LOAD /opt/st/stm32cubeide_1.16.1/plugins/com.st.stm32cube.ide.mcu.externaltools.gnu-tools-for-stm32.12.3.rel1.linux64_1.0.200.202406132123/tools/bin/../lib/gcc/arm-none-eabi/12.3.1/../../../../arm-none-eabi/lib/thumb/v7e-m+dp/hard/libnosys.a
END GROUP
LOAD /opt/st/stm32cubeide_1.16.1/plugins/com.st.stm32cube.ide.mcu.externaltools.gnu-tools-for-stm32.12.3.rel1.linux64_1.0.200.202406132123/tools/bin/../lib/gcc/arm-none-eabi/12.3.1/thumb/v7e-m+dp/hard/crtend.o
LOAD /opt/st/stm32cubeide_1.16.1/plugins/com.st.stm32cube.ide.mcu.externaltools.gnu-tools-for-stm32.12.3.rel1.linux64_1.0.200.202406132123/tools/bin/../lib/gcc/arm-none-eabi/12.3.1/thumb/v7e-m+dp/hard/crtn.o
                0x24080000                        _estack = (ORIGIN (RAM_D1) + LENGTH (RAM_D1))
                0x00000200                        _Min_Heap_Size = 0x200
                0x00000400                        _Min_Stack_Size = 0x400

.isr_vector     0x08000000      0x298
                0x08000000                        . = ALIGN (0x4)
 *(.isr_vector)
 .isr_vector    0x08000000      0x298 ./Core/Startup/startup_stm32h755zitx.o
                0x08000000                g_pfnVectors
                0x08000298                        . = ALIGN (0x4)

.text           0x080002a0    0x134b8
                0x080002a0                        . = ALIGN (0x4)
 *(.text)
 .text          0x080002a0       0x40 /opt/st/stm32cubeide_1.16.1/plugins/com.st.stm32cube.ide.mcu.externaltools.gnu-tools-for-stm32.12.3.rel1.linux64_1.0.200.202406132123/tools/bin/../lib/gcc/arm-none-eabi/12.3.1/thumb/v7e-m+dp/hard/crtbegin.o
 .text          0x080002e0       0x10 /opt/st/stm32cubeide_1.16.1/plugins/com.st.stm32cube.ide.mcu.externaltools.gnu-tools-for-stm32.12.3.rel1.linux64_1.0.200.202406132123/tools/bin/../lib/gcc/arm-none-eabi/12.3.1/../../../../arm-none-eabi/lib/thumb/v7e-m+dp/hard/libc_nano.a(libc_a-strlen.o)
                0x080002e0                strlen
 .text          0x080002f0       0xa0 /opt/st/stm32cubeide_1.16.1/plugins/com.st.stm32cube.ide.mcu.externaltools.gnu-tools-for-stm32.12.3.rel1.linux64_1.0.200.202406132123/tools/bin/../lib/gcc/arm-none-eabi/12.3.1/../../../../arm-none-eabi/lib/thumb/v7e-m+dp/hard/libc_nano.a(libc_a-memchr.o)
                0x080002f0                memchr
 .text          0x08000390       0x30 /opt/st/stm32cubeide_1.16.1/plugins/com.st.stm32cube.ide.mcu.externaltools.gnu-tools-for-stm32.12.3.rel1.linux64_1.0.200.202406132123/tools/bin/../lib/gcc/arm-none-eabi/12.3.1/thumb/v7e-m+dp/hard/libgcc.a(_aeabi_uldivmod.o)
                0x08000390                __aeabi_uldivmod
 .text          0x080003c0      0x2bc /opt/st/stm32cubeide_1.16.1/plugins/com.st.stm32cube.ide.mcu.externaltools.gnu-tools-for-stm32.12.3.rel1.linux64_1.0.200.202406132123/tools/bin/../lib/gcc/arm-none-eabi/12.3.1/thumb/v7e-m+dp/hard/libgcc.a(_udivmoddi4.o)
                0x080003c0                __udivmoddi4
 .text          0x0800067c        0x4 /opt/st/stm32cubeide_1.16.1/plugins/com.st.stm32cube.ide.mcu.externaltools.gnu-tools-for-stm32.12.3.rel1.linux64_1.0.200.202406132123/tools/bin/../lib/gcc/arm-none-eabi/12.3.1/thumb/v7e-m+dp/hard/libgcc.a(_dvmd_tls.o)
                0x0800067c                __aeabi_ldiv0
                0x0800067c                __aeabi_idiv0
 *(.text*)
 .text.SystemInit
                0x08000680       0xd8 ./Common/Src/system_stm32h7xx_dualcore_boot_cm4_cm7.o
                0x08000680                SystemInit
 .text.StartDefaultTask
                0x08000758       0x12 ./Core/Src/main.o
                0x08000758                StartDefaultTask
 *fill*         0x0800076a        0x2 
 .text.SystemClock_Config
                0x0800076c      0x104 ./Core/Src/main.o
                0x0800076c                SystemClock_Config
 .text.PeriphCommonClock_Config
                0x08000870       0x48 ./Core/Src/main.o
                0x08000870                PeriphCommonClock_Config
 .text.startup.main
                0x080008b8      0x6b4 ./Core/Src/main.o
                0x080008b8                main
 .text.HAL_TIM_PeriodElapsedCallback
                0x08000f6c       0x14 ./Core/Src/main.o
                0x08000f6c                HAL_TIM_PeriodElapsedCallback
 .text.Error_Handler
                0x08000f80        0x4 ./Core/Src/main.o
                0x08000f80                Error_Handler
 .text.HAL_MspInit
                0x08000f84       0x30 ./Core/Src/stm32h7xx_hal_msp.o
                0x08000f84                HAL_MspInit
 .text.HAL_ADC_MspInit
                0x08000fb4       0x98 ./Core/Src/stm32h7xx_hal_msp.o
                0x08000fb4                HAL_ADC_MspInit
 .text.HAL_FDCAN_MspInit
                0x0800104c       0x70 ./Core/Src/stm32h7xx_hal_msp.o
                0x0800104c                HAL_FDCAN_MspInit
 .text.HAL_TIM_Base_MspInit
                0x080010bc       0x54 ./Core/Src/stm32h7xx_hal_msp.o
                0x080010bc                HAL_TIM_Base_MspInit
 .text.HAL_TIM_Encoder_MspInit
                0x08001110       0xc0 ./Core/Src/stm32h7xx_hal_msp.o
                0x08001110                HAL_TIM_Encoder_MspInit
 .text.HAL_TIM_MspPostInit
                0x080011d0       0xc0 ./Core/Src/stm32h7xx_hal_msp.o
                0x080011d0                HAL_TIM_MspPostInit
 .text.HAL_UART_MspInit
                0x08001290      0x154 ./Core/Src/stm32h7xx_hal_msp.o
                0x08001290                HAL_UART_MspInit
 .text.HAL_InitTick
                0x080013e4       0x90 ./Core/Src/stm32h7xx_hal_timebase_tim.o
                0x080013e4                HAL_InitTick
 .text.NMI_Handler
                0x08001474        0x2 ./Core/Src/stm32h7xx_it.o
                0x08001474                NMI_Handler
 .text.HardFault_Handler
                0x08001476        0x2 ./Core/Src/stm32h7xx_it.o
                0x08001476                HardFault_Handler
 .text.MemManage_Handler
                0x08001478        0x2 ./Core/Src/stm32h7xx_it.o
                0x08001478                MemManage_Handler
 .text.BusFault_Handler
                0x0800147a        0x2 ./Core/Src/stm32h7xx_it.o
                0x0800147a                BusFault_Handler
 .text.UsageFault_Handler
                0x0800147c        0x2 ./Core/Src/stm32h7xx_it.o
                0x0800147c                UsageFault_Handler
 .text.DebugMon_Handler
                0x0800147e        0x2 ./Core/Src/stm32h7xx_it.o
                0x0800147e                DebugMon_Handler
 .text.ETH_IRQHandler
                0x08001480        0xc ./Core/Src/stm32h7xx_it.o
                0x08001480                ETH_IRQHandler
 .text.OTG_FS_IRQHandler
                0x0800148c        0xc ./Core/Src/stm32h7xx_it.o
                0x0800148c                OTG_FS_IRQHandler
 .text.TIM17_IRQHandler
                0x08001498        0xc ./Core/Src/stm32h7xx_it.o
                0x08001498                TIM17_IRQHandler
 .text._getpid  0x080014a4        0x4 ./Core/Src/syscalls.o
                0x080014a4                _getpid
 .text._kill    0x080014a8       0x10 ./Core/Src/syscalls.o
                0x080014a8                _kill
 .text._exit    0x080014b8        0xc ./Core/Src/syscalls.o
                0x080014b8                _exit
 .text._read    0x080014c4       0x1c ./Core/Src/syscalls.o
                0x080014c4                _read
 .text._write   0x080014e0       0x1c ./Core/Src/syscalls.o
                0x080014e0                _write
 .text._close   0x080014fc        0x6 ./Core/Src/syscalls.o
                0x080014fc                _close
 .text._fstat   0x08001502        0xa ./Core/Src/syscalls.o
                0x08001502                _fstat
 .text._isatty  0x0800150c        0x4 ./Core/Src/syscalls.o
                0x0800150c                _isatty
 .text._lseek   0x08001510        0x4 ./Core/Src/syscalls.o
                0x08001510                _lseek
 .text._sbrk    0x08001514       0x40 ./Core/Src/sysmem.o
                0x08001514                _sbrk
 .text.Reset_Handler
                0x08001554       0x50 ./Core/Startup/startup_stm32h755zitx.o
                0x08001554                Reset_Handler
 .text.Default_Handler
                0x080015a4        0x2 ./Core/Startup/startup_stm32h755zitx.o
                0x080015a4                RTC_Alarm_IRQHandler
                0x080015a4                HASH_RNG_IRQHandler
                0x080015a4                EXTI2_IRQHandler
                0x080015a4                TIM8_CC_IRQHandler
                0x080015a4                HRTIM1_Master_IRQHandler
                0x080015a4                UART8_IRQHandler
                0x080015a4                SPI4_IRQHandler
                0x080015a4                TIM1_CC_IRQHandler
                0x080015a4                BDMA_Channel6_IRQHandler
                0x080015a4                DMA2_Stream5_IRQHandler
                0x080015a4                HRTIM1_FLT_IRQHandler
                0x080015a4                JPEG_IRQHandler
                0x080015a4                DMA1_Stream5_IRQHandler
                0x080015a4                BDMA_Channel1_IRQHandler
                0x080015a4                HRTIM1_TIMD_IRQHandler
                0x080015a4                TAMP_STAMP_IRQHandler
                0x080015a4                EXTI3_IRQHandler
                0x080015a4                LPTIM4_IRQHandler
                0x080015a4                TIM8_TRG_COM_TIM14_IRQHandler
                0x080015a4                LPTIM2_IRQHandler
                0x080015a4                DFSDM1_FLT1_IRQHandler
                0x080015a4                DMAMUX2_OVR_IRQHandler
                0x080015a4                TIM8_UP_TIM13_IRQHandler
                0x080015a4                I2C3_ER_IRQHandler
                0x080015a4                DFSDM1_FLT2_IRQHandler
                0x080015a4                MDMA_IRQHandler
                0x080015a4                LPTIM3_IRQHandler
                0x080015a4                HSEM1_IRQHandler
                0x080015a4                EXTI0_IRQHandler
                0x080015a4                I2C2_EV_IRQHandler
                0x080015a4                DMA1_Stream2_IRQHandler
                0x080015a4                FPU_IRQHandler
                0x080015a4                OTG_HS_WKUP_IRQHandler
                0x080015a4                FDCAN1_IT1_IRQHandler
                0x080015a4                LTDC_ER_IRQHandler
                0x080015a4                DMA2_Stream2_IRQHandler
                0x080015a4                HRTIM1_TIME_IRQHandler
                0x080015a4                SPI1_IRQHandler
                0x080015a4                TIM6_DAC_IRQHandler
                0x080015a4                DCMI_IRQHandler
                0x080015a4                HRTIM1_TIMC_IRQHandler
                0x080015a4                DMA2_Stream3_IRQHandler
                0x080015a4                SAI2_IRQHandler
                0x080015a4                DFSDM1_FLT3_IRQHandler
                0x080015a4                USART6_IRQHandler
                0x080015a4                USART3_IRQHandler
                0x080015a4                BDMA_Channel7_IRQHandler
                0x080015a4                CRYP_IRQHandler
                0x080015a4                LPTIM5_IRQHandler
                0x080015a4                UART5_IRQHandler
                0x080015a4                ADC3_IRQHandler
                0x080015a4                DMA2_Stream0_IRQHandler
                0x080015a4                TIM4_IRQHandler
                0x080015a4                BDMA_Channel2_IRQHandler
                0x080015a4                QUADSPI_IRQHandler
                0x080015a4                I2C1_EV_IRQHandler
                0x080015a4                DMA1_Stream6_IRQHandler
                0x080015a4                DMAMUX1_OVR_IRQHandler
                0x080015a4                DMA1_Stream1_IRQHandler
                0x080015a4                TIM16_IRQHandler
                0x080015a4                UART4_IRQHandler
                0x080015a4                BDMA_Channel5_IRQHandler
                0x080015a4                TIM3_IRQHandler
                0x080015a4                RCC_IRQHandler
                0x080015a4                TIM8_BRK_TIM12_IRQHandler
                0x080015a4                TIM1_TRG_COM_IRQHandler
                0x080015a4                Default_Handler
                0x080015a4                ECC_IRQHandler
                0x080015a4                CEC_IRQHandler
                0x080015a4                EXTI15_10_IRQHandler
                0x080015a4                BDMA_Channel0_IRQHandler
                0x080015a4                ADC_IRQHandler
                0x080015a4                DMA1_Stream7_IRQHandler
                0x080015a4                HRTIM1_TIMA_IRQHandler
                0x080015a4                SPI5_IRQHandler
                0x080015a4                TIM7_IRQHandler
                0x080015a4                SDMMC1_IRQHandler
                0x080015a4                TIM5_IRQHandler
                0x080015a4                DMA2_Stream7_IRQHandler
                0x080015a4                TIM15_IRQHandler
                0x080015a4                PVD_AVD_IRQHandler
                0x080015a4                I2C3_EV_IRQHandler
                0x080015a4                EXTI9_5_IRQHandler
                0x080015a4                RTC_WKUP_IRQHandler
                0x080015a4                LTDC_IRQHandler
                0x080015a4                SAI3_IRQHandler
                0x080015a4                ETH_WKUP_IRQHandler
                0x080015a4                SPDIF_RX_IRQHandler
                0x080015a4                SPI2_IRQHandler
                0x080015a4                OTG_HS_EP1_IN_IRQHandler
                0x080015a4                DMA1_Stream0_IRQHandler
                0x080015a4                CRS_IRQHandler
                0x080015a4                CM7_SEV_IRQHandler
                0x080015a4                EXTI4_IRQHandler
                0x080015a4                CM4_SEV_IRQHandler
                0x080015a4                HRTIM1_TIMB_IRQHandler
                0x080015a4                FDCAN2_IT1_IRQHandler
                0x080015a4                TIM1_UP_IRQHandler
                0x080015a4                WWDG_RST_IRQHandler
                0x080015a4                BDMA_Channel4_IRQHandler
                0x080015a4                OTG_HS_EP1_OUT_IRQHandler
                0x080015a4                WWDG_IRQHandler
                0x080015a4                SPI6_IRQHandler
                0x080015a4                MDIOS_IRQHandler
                0x080015a4                I2C4_EV_IRQHandler
                0x080015a4                FDCAN2_IT0_IRQHandler
                0x080015a4                LPUART1_IRQHandler
                0x080015a4                FDCAN1_IT0_IRQHandler
                0x080015a4                TIM2_IRQHandler
                0x080015a4                OTG_FS_WKUP_IRQHandler
                0x080015a4                OTG_HS_IRQHandler
                0x080015a4                HSEM2_IRQHandler
                0x080015a4                DMA2D_IRQHandler
                0x080015a4                TIM1_BRK_IRQHandler
                0x080015a4                EXTI1_IRQHandler
                0x080015a4                SDMMC2_IRQHandler
                0x080015a4                OTG_FS_EP1_OUT_IRQHandler
                0x080015a4                BDMA_Channel3_IRQHandler
                0x080015a4                HOLD_CORE_IRQHandler
                0x080015a4                UART7_IRQHandler
                0x080015a4                MDIOS_WKUP_IRQHandler
                0x080015a4                USART2_IRQHandler
                0x080015a4                DFSDM1_FLT0_IRQHandler
                0x080015a4                SAI4_IRQHandler
                0x080015a4                I2C2_ER_IRQHandler
                0x080015a4                DMA2_Stream1_IRQHandler
                0x080015a4                FLASH_IRQHandler
                0x080015a4                DMA2_Stream4_IRQHandler
                0x080015a4                USART1_IRQHandler
                0x080015a4                SPI3_IRQHandler
                0x080015a4                WAKEUP_PIN_IRQHandler
                0x080015a4                DMA1_Stream4_IRQHandler
                0x080015a4                OTG_FS_EP1_IN_IRQHandler
                0x080015a4                I2C1_ER_IRQHandler
                0x080015a4                FMC_IRQHandler
                0x080015a4                FDCAN_CAL_IRQHandler
                0x080015a4                SWPMI1_IRQHandler
                0x080015a4                COMP1_IRQHandler
                0x080015a4                LPTIM1_IRQHandler
                0x080015a4                I2C4_ER_IRQHandler
                0x080015a4                DMA2_Stream6_IRQHandler
                0x080015a4                SAI1_IRQHandler
                0x080015a4                DMA1_Stream3_IRQHandler
 .text.LAN8742_RegisterBusIO
                0x080015a6       0x28 ./Drivers/BSP/Component/lan8742.o
                0x080015a6                LAN8742_RegisterBusIO
 .text.LAN8742_Init
                0x080015ce       0x5a ./Drivers/BSP/Component/lan8742.o
                0x080015ce                LAN8742_Init
 .text.LAN8742_GetLinkState
                0x08001628       0x94 ./Drivers/BSP/Component/lan8742.o
                0x08001628                LAN8742_GetLinkState
 .text.BSP_LED_Init
                0x080016bc       0x98 ./Drivers/BSP/STM32H7xx_Nucleo/stm32h7xx_nucleo.o
                0x080016bc                BSP_LED_Init
 .text.BSP_LED_On
                0x08001754       0x2c ./Drivers/BSP/STM32H7xx_Nucleo/stm32h7xx_nucleo.o
                0x08001754                BSP_LED_On
 .text.HAL_Init
                0x08001780       0x5c ./Drivers/STM32H7xx_HAL_Driver/stm32h7xx_hal.o
                0x08001780                HAL_Init
 .text.HAL_IncTick
                0x080017dc       0x18 ./Drivers/STM32H7xx_HAL_Driver/stm32h7xx_hal.o
                0x080017dc                HAL_IncTick
 .text.HAL_GetTick
                0x080017f4        0xc ./Drivers/STM32H7xx_HAL_Driver/stm32h7xx_hal.o
                0x080017f4                HAL_GetTick
 .text.HAL_Delay
                0x08001800       0x24 ./Drivers/STM32H7xx_HAL_Driver/stm32h7xx_hal.o
                0x08001800                HAL_Delay
 .text.HAL_GetREVID
                0x08001824        0xc ./Drivers/STM32H7xx_HAL_Driver/stm32h7xx_hal.o
                0x08001824                HAL_GetREVID
 .text.HAL_SYSCFG_ETHInterfaceSelect
                0x08001830       0x14 ./Drivers/STM32H7xx_HAL_Driver/stm32h7xx_hal.o
                0x08001830                HAL_SYSCFG_ETHInterfaceSelect
 .text.LL_ADC_SetChannelSamplingTime
                0x08001844       0x20 ./Drivers/STM32H7xx_HAL_Driver/stm32h7xx_hal_adc.o
 .text.LL_ADC_IsEnabled
                0x08001864        0x8 ./Drivers/STM32H7xx_HAL_Driver/stm32h7xx_hal_adc.o
 .text.LL_ADC_REG_IsConversionOngoing
                0x0800186c        0x8 ./Drivers/STM32H7xx_HAL_Driver/stm32h7xx_hal_adc.o
 .text.HAL_ADC_ConfigChannel
                0x08001874      0x398 ./Drivers/STM32H7xx_HAL_Driver/stm32h7xx_hal_adc.o
                0x08001874                HAL_ADC_ConfigChannel
 .text.ADC_ConfigureBoostMode
                0x08001c0c      0x12c ./Drivers/STM32H7xx_HAL_Driver/stm32h7xx_hal_adc.o
                0x08001c0c                ADC_ConfigureBoostMode
 .text.HAL_ADC_Init
                0x08001d38      0x218 ./Drivers/STM32H7xx_HAL_Driver/stm32h7xx_hal_adc.o
                0x08001d38                HAL_ADC_Init
 .text.LL_ADC_IsEnabled
                0x08001f50        0x8 ./Drivers/STM32H7xx_HAL_Driver/stm32h7xx_hal_adc_ex.o
 .text.LL_ADC_REG_IsConversionOngoing
                0x08001f58        0x8 ./Drivers/STM32H7xx_HAL_Driver/stm32h7xx_hal_adc_ex.o
 .text.HAL_ADCEx_MultiModeConfigChannel
                0x08001f60       0xcc ./Drivers/STM32H7xx_HAL_Driver/stm32h7xx_hal_adc_ex.o
                0x08001f60                HAL_ADCEx_MultiModeConfigChannel
 .text.HAL_NVIC_SetPriorityGrouping
                0x0800202c       0x24 ./Drivers/STM32H7xx_HAL_Driver/stm32h7xx_hal_cortex.o
                0x0800202c                HAL_NVIC_SetPriorityGrouping
 .text.HAL_NVIC_SetPriority
                0x08002050       0x64 ./Drivers/STM32H7xx_HAL_Driver/stm32h7xx_hal_cortex.o
                0x08002050                HAL_NVIC_SetPriority
 .text.HAL_NVIC_EnableIRQ
                0x080020b4       0x1c ./Drivers/STM32H7xx_HAL_Driver/stm32h7xx_hal_cortex.o
                0x080020b4                HAL_NVIC_EnableIRQ
 .text.HAL_GetCurrentCPUID
                0x080020d0       0x18 ./Drivers/STM32H7xx_HAL_Driver/stm32h7xx_hal_cortex.o
                0x080020d0                HAL_GetCurrentCPUID
 .text.ETH_SetMACConfig
                0x080020e8      0x182 ./Drivers/STM32H7xx_HAL_Driver/stm32h7xx_hal_eth.o
 *fill*         0x0800226a        0x2 
 .text.ETH_SetDMAConfig
                0x0800226c       0x8c ./Drivers/STM32H7xx_HAL_Driver/stm32h7xx_hal_eth.o
 .text.ETH_Prepare_Tx_Descriptors
                0x080022f8      0x334 ./Drivers/STM32H7xx_HAL_Driver/stm32h7xx_hal_eth.o
 .text.ETH_UpdateDescriptor
                0x0800262c       0x82 ./Drivers/STM32H7xx_HAL_Driver/stm32h7xx_hal_eth.o
 .text.HAL_ETH_Start_IT
                0x080026ae       0x82 ./Drivers/STM32H7xx_HAL_Driver/stm32h7xx_hal_eth.o
                0x080026ae                HAL_ETH_Start_IT
 .text.HAL_ETH_Stop_IT
                0x08002730       0x80 ./Drivers/STM32H7xx_HAL_Driver/stm32h7xx_hal_eth.o
                0x08002730                HAL_ETH_Stop_IT
 .text.HAL_ETH_Transmit_IT
                0x080027b0       0x58 ./Drivers/STM32H7xx_HAL_Driver/stm32h7xx_hal_eth.o
                0x080027b0                HAL_ETH_Transmit_IT
 .text.HAL_ETH_ReadData
                0x08002808       0xf6 ./Drivers/STM32H7xx_HAL_Driver/stm32h7xx_hal_eth.o
                0x08002808                HAL_ETH_ReadData
 .text.HAL_ETH_ReleaseTxPacket
                0x080028fe       0x5e ./Drivers/STM32H7xx_HAL_Driver/stm32h7xx_hal_eth.o
                0x080028fe                HAL_ETH_ReleaseTxPacket
 .text.HAL_ETH_PMTCallback
                0x0800295c        0x2 ./Drivers/STM32H7xx_HAL_Driver/stm32h7xx_hal_eth.o
                0x0800295c                HAL_ETH_PMTCallback
 .text.HAL_ETH_EEECallback
                0x0800295e        0x2 ./Drivers/STM32H7xx_HAL_Driver/stm32h7xx_hal_eth.o
                0x0800295e                HAL_ETH_EEECallback
 .text.HAL_ETH_WakeUpCallback
                0x08002960        0x2 ./Drivers/STM32H7xx_HAL_Driver/stm32h7xx_hal_eth.o
                0x08002960                HAL_ETH_WakeUpCallback
 .text.HAL_ETH_IRQHandler
                0x08002962      0x158 ./Drivers/STM32H7xx_HAL_Driver/stm32h7xx_hal_eth.o
                0x08002962                HAL_ETH_IRQHandler
 .text.HAL_ETH_ReadPHYRegister
                0x08002aba       0x5a ./Drivers/STM32H7xx_HAL_Driver/stm32h7xx_hal_eth.o
                0x08002aba                HAL_ETH_ReadPHYRegister
 .text.HAL_ETH_WritePHYRegister
                0x08002b14       0x60 ./Drivers/STM32H7xx_HAL_Driver/stm32h7xx_hal_eth.o
                0x08002b14                HAL_ETH_WritePHYRegister
 .text.HAL_ETH_GetMACConfig
                0x08002b74      0x18c ./Drivers/STM32H7xx_HAL_Driver/stm32h7xx_hal_eth.o
                0x08002b74                HAL_ETH_GetMACConfig
 .text.HAL_ETH_SetMACConfig
                0x08002d00       0x18 ./Drivers/STM32H7xx_HAL_Driver/stm32h7xx_hal_eth.o
                0x08002d00                HAL_ETH_SetMACConfig
 .text.HAL_ETH_SetMDIOClockRange
                0x08002d18       0x68 ./Drivers/STM32H7xx_HAL_Driver/stm32h7xx_hal_eth.o
                0x08002d18                HAL_ETH_SetMDIOClockRange
 .text.HAL_ETH_Init
                0x08002d80      0x23c ./Drivers/STM32H7xx_HAL_Driver/stm32h7xx_hal_eth.o
                0x08002d80                HAL_ETH_Init
 .text.HAL_ETH_GetError
                0x08002fbc        0x6 ./Drivers/STM32H7xx_HAL_Driver/stm32h7xx_hal_eth.o
                0x08002fbc                HAL_ETH_GetError
 .text.HAL_ETH_GetDMAError
                0x08002fc2        0x6 ./Drivers/STM32H7xx_HAL_Driver/stm32h7xx_hal_eth.o
                0x08002fc2                HAL_ETH_GetDMAError
 .text.HAL_FDCAN_Init
                0x08002fc8      0x3d4 ./Drivers/STM32H7xx_HAL_Driver/stm32h7xx_hal_fdcan.o
                0x08002fc8                HAL_FDCAN_Init
 .text.HAL_GPIO_Init
                0x0800339c      0x1d0 ./Drivers/STM32H7xx_HAL_Driver/stm32h7xx_hal_gpio.o
                0x0800339c                HAL_GPIO_Init
 .text.HAL_GPIO_WritePin
                0x0800356c        0xa ./Drivers/STM32H7xx_HAL_Driver/stm32h7xx_hal_gpio.o
                0x0800356c                HAL_GPIO_WritePin
 *fill*         0x08003576        0x2 
 .text.HAL_HSEM_FastTake
                0x08003578       0x1c ./Drivers/STM32H7xx_HAL_Driver/stm32h7xx_hal_hsem.o
                0x08003578                HAL_HSEM_FastTake
 .text.HAL_HSEM_Release
                0x08003594       0x10 ./Drivers/STM32H7xx_HAL_Driver/stm32h7xx_hal_hsem.o
                0x08003594                HAL_HSEM_Release
 .text.HAL_PCD_Init
                0x080035a4       0xda ./Drivers/STM32H7xx_HAL_Driver/stm32h7xx_hal_pcd.o
                0x080035a4                HAL_PCD_Init
 .text.HAL_PCD_Start
                0x0800367e       0x3e ./Drivers/STM32H7xx_HAL_Driver/stm32h7xx_hal_pcd.o
                0x0800367e                HAL_PCD_Start
 .text.HAL_PCD_SetAddress
                0x080036bc       0x26 ./Drivers/STM32H7xx_HAL_Driver/stm32h7xx_hal_pcd.o
                0x080036bc                HAL_PCD_SetAddress
 .text.HAL_PCD_EP_Open
                0x080036e2       0x6e ./Drivers/STM32H7xx_HAL_Driver/stm32h7xx_hal_pcd.o
                0x080036e2                HAL_PCD_EP_Open
 .text.HAL_PCD_EP_Close
                0x08003750       0x5c ./Drivers/STM32H7xx_HAL_Driver/stm32h7xx_hal_pcd.o
                0x08003750                HAL_PCD_EP_Close
 .text.HAL_PCD_EP_Receive
                0x080037ac       0x3c ./Drivers/STM32H7xx_HAL_Driver/stm32h7xx_hal_pcd.o
                0x080037ac                HAL_PCD_EP_Receive
 .text.HAL_PCD_EP_GetRxCount
                0x080037e8       0x10 ./Drivers/STM32H7xx_HAL_Driver/stm32h7xx_hal_pcd.o
                0x080037e8                HAL_PCD_EP_GetRxCount
 .text.HAL_PCD_EP_Transmit
                0x080037f8       0x34 ./Drivers/STM32H7xx_HAL_Driver/stm32h7xx_hal_pcd.o
                0x080037f8                HAL_PCD_EP_Transmit
 .text.HAL_PCD_EP_SetStall
                0x0800382c       0x6e ./Drivers/STM32H7xx_HAL_Driver/stm32h7xx_hal_pcd.o
                0x0800382c                HAL_PCD_EP_SetStall
 .text.HAL_PCD_EP_ClrStall
                0x0800389a       0x6a ./Drivers/STM32H7xx_HAL_Driver/stm32h7xx_hal_pcd.o
                0x0800389a                HAL_PCD_EP_ClrStall
 .text.HAL_PCD_EP_Abort
                0x08003904       0x20 ./Drivers/STM32H7xx_HAL_Driver/stm32h7xx_hal_pcd.o
                0x08003904                HAL_PCD_EP_Abort
 .text.HAL_PCD_IRQHandler
                0x08003924      0x6d0 ./Drivers/STM32H7xx_HAL_Driver/stm32h7xx_hal_pcd.o
                0x08003924                HAL_PCD_IRQHandler
 .text.HAL_PCDEx_SetTxFiFo
                0x08003ff4       0x3e ./Drivers/STM32H7xx_HAL_Driver/stm32h7xx_hal_pcd_ex.o
                0x08003ff4                HAL_PCDEx_SetTxFiFo
 .text.HAL_PCDEx_SetRxFiFo
                0x08004032        0x8 ./Drivers/STM32H7xx_HAL_Driver/stm32h7xx_hal_pcd_ex.o
                0x08004032                HAL_PCDEx_SetRxFiFo
 .text.HAL_PCDEx_ActivateLPM
                0x0800403a       0x26 ./Drivers/STM32H7xx_HAL_Driver/stm32h7xx_hal_pcd_ex.o
                0x0800403a                HAL_PCDEx_ActivateLPM
 .text.HAL_PCDEx_LPM_Callback
                0x08004060        0x2 ./Drivers/STM32H7xx_HAL_Driver/stm32h7xx_hal_pcd_ex.o
                0x08004060                HAL_PCDEx_LPM_Callback
 *fill*         0x08004062        0x2 
 .text.HAL_PWREx_ConfigSupply
                0x08004064       0x78 ./Drivers/STM32H7xx_HAL_Driver/stm32h7xx_hal_pwr_ex.o
                0x08004064                HAL_PWREx_ConfigSupply
 .text.HAL_PWREx_EnableUSBVoltageDetector
                0x080040dc       0x10 ./Drivers/STM32H7xx_HAL_Driver/stm32h7xx_hal_pwr_ex.o
                0x080040dc                HAL_PWREx_EnableUSBVoltageDetector
 .text.HAL_RCC_OscConfig
                0x080040ec      0x558 ./Drivers/STM32H7xx_HAL_Driver/stm32h7xx_hal_rcc.o
                0x080040ec                HAL_RCC_OscConfig
 .text.HAL_RCC_GetSysClockFreq
                0x08004644      0x144 ./Drivers/STM32H7xx_HAL_Driver/stm32h7xx_hal_rcc.o
                0x08004644                HAL_RCC_GetSysClockFreq
 .text.HAL_RCC_ClockConfig
                0x08004788      0x24c ./Drivers/STM32H7xx_HAL_Driver/stm32h7xx_hal_rcc.o
                0x08004788                HAL_RCC_ClockConfig
 .text.HAL_RCC_GetHCLKFreq
                0x080049d4       0x44 ./Drivers/STM32H7xx_HAL_Driver/stm32h7xx_hal_rcc.o
                0x080049d4                HAL_RCC_GetHCLKFreq
 .text.HAL_RCC_GetPCLK1Freq
                0x08004a18       0x24 ./Drivers/STM32H7xx_HAL_Driver/stm32h7xx_hal_rcc.o
                0x08004a18                HAL_RCC_GetPCLK1Freq
 .text.HAL_RCC_GetPCLK2Freq
                0x08004a3c       0x24 ./Drivers/STM32H7xx_HAL_Driver/stm32h7xx_hal_rcc.o
                0x08004a3c                HAL_RCC_GetPCLK2Freq
 .text.HAL_RCC_GetClockConfig
                0x08004a60       0x54 ./Drivers/STM32H7xx_HAL_Driver/stm32h7xx_hal_rcc.o
                0x08004a60                HAL_RCC_GetClockConfig
 .text.RCCEx_PLL2_Config
                0x08004ab4       0xf0 ./Drivers/STM32H7xx_HAL_Driver/stm32h7xx_hal_rcc_ex.o
 .text.RCCEx_PLL3_Config
                0x08004ba4       0xf0 ./Drivers/STM32H7xx_HAL_Driver/stm32h7xx_hal_rcc_ex.o
 .text.HAL_RCCEx_PeriphCLKConfig
                0x08004c94      0x9d0 ./Drivers/STM32H7xx_HAL_Driver/stm32h7xx_hal_rcc_ex.o
                0x08004c94                HAL_RCCEx_PeriphCLKConfig
 .text.HAL_RCCEx_GetD3PCLK1Freq
                0x08005664       0x24 ./Drivers/STM32H7xx_HAL_Driver/stm32h7xx_hal_rcc_ex.o
                0x08005664                HAL_RCCEx_GetD3PCLK1Freq
 .text.HAL_RCCEx_GetPLL2ClockFreq
                0x08005688      0x154 ./Drivers/STM32H7xx_HAL_Driver/stm32h7xx_hal_rcc_ex.o
                0x08005688                HAL_RCCEx_GetPLL2ClockFreq
 .text.HAL_RCCEx_GetPLL3ClockFreq
                0x080057dc      0x154 ./Drivers/STM32H7xx_HAL_Driver/stm32h7xx_hal_rcc_ex.o
                0x080057dc                HAL_RCCEx_GetPLL3ClockFreq
 .text.HAL_RCCEx_GetPLL1ClockFreq
                0x08005930      0x154 ./Drivers/STM32H7xx_HAL_Driver/stm32h7xx_hal_rcc_ex.o
                0x08005930                HAL_RCCEx_GetPLL1ClockFreq
 .text.HAL_RCCEx_GetPeriphCLKFreq
                0x08005a84      0x2f8 ./Drivers/STM32H7xx_HAL_Driver/stm32h7xx_hal_rcc_ex.o
                0x08005a84                HAL_RCCEx_GetPeriphCLKFreq
 .text.TIM_OC1_SetConfig
                0x08005d7c       0x98 ./Drivers/STM32H7xx_HAL_Driver/stm32h7xx_hal_tim.o
 .text.TIM_OC3_SetConfig
                0x08005e14       0x88 ./Drivers/STM32H7xx_HAL_Driver/stm32h7xx_hal_tim.o
 .text.TIM_OC4_SetConfig
                0x08005e9c       0x68 ./Drivers/STM32H7xx_HAL_Driver/stm32h7xx_hal_tim.o
 .text.TIM_OC5_SetConfig
                0x08005f04       0x68 ./Drivers/STM32H7xx_HAL_Driver/stm32h7xx_hal_tim.o
 .text.TIM_OC6_SetConfig
                0x08005f6c       0x68 ./Drivers/STM32H7xx_HAL_Driver/stm32h7xx_hal_tim.o
 .text.HAL_TIM_Base_Start_IT
                0x08005fd4       0x7c ./Drivers/STM32H7xx_HAL_Driver/stm32h7xx_hal_tim.o
                0x08005fd4                HAL_TIM_Base_Start_IT
 .text.HAL_TIM_PWM_MspInit
                0x08006050        0x2 ./Drivers/STM32H7xx_HAL_Driver/stm32h7xx_hal_tim.o
                0x08006050                HAL_TIM_PWM_MspInit
 .text.HAL_TIM_OC_DelayElapsedCallback
                0x08006052        0x2 ./Drivers/STM32H7xx_HAL_Driver/stm32h7xx_hal_tim.o
                0x08006052                HAL_TIM_OC_DelayElapsedCallback
 .text.HAL_TIM_IC_CaptureCallback
                0x08006054        0x2 ./Drivers/STM32H7xx_HAL_Driver/stm32h7xx_hal_tim.o
                0x08006054                HAL_TIM_IC_CaptureCallback
 .text.HAL_TIM_PWM_PulseFinishedCallback
                0x08006056        0x2 ./Drivers/STM32H7xx_HAL_Driver/stm32h7xx_hal_tim.o
                0x08006056                HAL_TIM_PWM_PulseFinishedCallback
 .text.HAL_TIM_TriggerCallback
                0x08006058        0x2 ./Drivers/STM32H7xx_HAL_Driver/stm32h7xx_hal_tim.o
                0x08006058                HAL_TIM_TriggerCallback
 .text.HAL_TIM_IRQHandler
                0x0800605a      0x140 ./Drivers/STM32H7xx_HAL_Driver/stm32h7xx_hal_tim.o
                0x0800605a                HAL_TIM_IRQHandler
 *fill*         0x0800619a        0x2 
 .text.TIM_Base_SetConfig
                0x0800619c       0xd8 ./Drivers/STM32H7xx_HAL_Driver/stm32h7xx_hal_tim.o
                0x0800619c                TIM_Base_SetConfig
 .text.HAL_TIM_Base_Init
                0x08006274       0x60 ./Drivers/STM32H7xx_HAL_Driver/stm32h7xx_hal_tim.o
                0x08006274                HAL_TIM_Base_Init
 .text.HAL_TIM_PWM_Init
                0x080062d4       0x60 ./Drivers/STM32H7xx_HAL_Driver/stm32h7xx_hal_tim.o
                0x080062d4                HAL_TIM_PWM_Init
 .text.HAL_TIM_Encoder_Init
                0x08006334       0xa8 ./Drivers/STM32H7xx_HAL_Driver/stm32h7xx_hal_tim.o
                0x08006334                HAL_TIM_Encoder_Init
 .text.TIM_OC2_SetConfig
                0x080063dc       0x8c ./Drivers/STM32H7xx_HAL_Driver/stm32h7xx_hal_tim.o
                0x080063dc                TIM_OC2_SetConfig
 .text.HAL_TIM_PWM_ConfigChannel
                0x08006468       0xf8 ./Drivers/STM32H7xx_HAL_Driver/stm32h7xx_hal_tim.o
                0x08006468                HAL_TIM_PWM_ConfigChannel
 .text.TIM_ETR_SetConfig
                0x08006560       0x14 ./Drivers/STM32H7xx_HAL_Driver/stm32h7xx_hal_tim.o
                0x08006560                TIM_ETR_SetConfig
 .text.HAL_TIM_ConfigClockSource
                0x08006574      0x174 ./Drivers/STM32H7xx_HAL_Driver/stm32h7xx_hal_tim.o
                0x08006574                HAL_TIM_ConfigClockSource
 .text.HAL_TIMEx_MasterConfigSynchronization
                0x080066e8       0x94 ./Drivers/STM32H7xx_HAL_Driver/stm32h7xx_hal_tim_ex.o
                0x080066e8                HAL_TIMEx_MasterConfigSynchronization
 .text.HAL_TIMEx_ConfigBreakDeadTime
                0x0800677c       0x84 ./Drivers/STM32H7xx_HAL_Driver/stm32h7xx_hal_tim_ex.o
                0x0800677c                HAL_TIMEx_ConfigBreakDeadTime
 .text.HAL_TIMEx_CommutCallback
                0x08006800        0x2 ./Drivers/STM32H7xx_HAL_Driver/stm32h7xx_hal_tim_ex.o
                0x08006800                HAL_TIMEx_CommutCallback
 .text.HAL_TIMEx_BreakCallback
                0x08006802        0x2 ./Drivers/STM32H7xx_HAL_Driver/stm32h7xx_hal_tim_ex.o
                0x08006802                HAL_TIMEx_BreakCallback
 .text.HAL_TIMEx_Break2Callback
                0x08006804        0x2 ./Drivers/STM32H7xx_HAL_Driver/stm32h7xx_hal_tim_ex.o
                0x08006804                HAL_TIMEx_Break2Callback
 *fill*         0x08006806        0x2 
 .text.UART_EndRxTransfer
                0x08006808       0x58 ./Drivers/STM32H7xx_HAL_Driver/stm32h7xx_hal_uart.o
 .text.UART_SetConfig
                0x08006860      0x32c ./Drivers/STM32H7xx_HAL_Driver/stm32h7xx_hal_uart.o
                0x08006860                UART_SetConfig
 .text.UART_AdvFeatureConfig
                0x08006b8c       0xaa ./Drivers/STM32H7xx_HAL_Driver/stm32h7xx_hal_uart.o
                0x08006b8c                UART_AdvFeatureConfig
 .text.UART_WaitOnFlagUntilTimeout
                0x08006c36       0x90 ./Drivers/STM32H7xx_HAL_Driver/stm32h7xx_hal_uart.o
                0x08006c36                UART_WaitOnFlagUntilTimeout
 .text.UART_CheckIdleState
                0x08006cc6       0xb6 ./Drivers/STM32H7xx_HAL_Driver/stm32h7xx_hal_uart.o
                0x08006cc6                UART_CheckIdleState
 .text.HAL_UART_Init
                0x08006d7c       0x60 ./Drivers/STM32H7xx_HAL_Driver/stm32h7xx_hal_uart.o
                0x08006d7c                HAL_UART_Init
 .text.UARTEx_SetNbDataToProcess
                0x08006ddc       0x44 ./Drivers/STM32H7xx_HAL_Driver/stm32h7xx_hal_uart_ex.o
 .text.HAL_UARTEx_DisableFifoMode
                0x08006e20       0x36 ./Drivers/STM32H7xx_HAL_Driver/stm32h7xx_hal_uart_ex.o
                0x08006e20                HAL_UARTEx_DisableFifoMode
 .text.HAL_UARTEx_SetTxFifoThreshold
                0x08006e56       0x40 ./Drivers/STM32H7xx_HAL_Driver/stm32h7xx_hal_uart_ex.o
                0x08006e56                HAL_UARTEx_SetTxFifoThreshold
 .text.HAL_UARTEx_SetRxFifoThreshold
                0x08006e96       0x40 ./Drivers/STM32H7xx_HAL_Driver/stm32h7xx_hal_uart_ex.o
                0x08006e96                HAL_UARTEx_SetRxFifoThreshold
 .text.USB_CoreReset
                0x08006ed6       0x46 ./Drivers/STM32H7xx_HAL_Driver/stm32h7xx_ll_usb.o
 .text.USB_CoreInit
                0x08006f1c       0x9c ./Drivers/STM32H7xx_HAL_Driver/stm32h7xx_ll_usb.o
                0x08006f1c                USB_CoreInit
 .text.USB_SetTurnaroundTime
                0x08006fb8       0xe0 ./Drivers/STM32H7xx_HAL_Driver/stm32h7xx_ll_usb.o
                0x08006fb8                USB_SetTurnaroundTime
 .text.USB_EnableGlobalInt
                0x08007098        0xc ./Drivers/STM32H7xx_HAL_Driver/stm32h7xx_ll_usb.o
                0x08007098                USB_EnableGlobalInt
 .text.USB_DisableGlobalInt
                0x080070a4        0xc ./Drivers/STM32H7xx_HAL_Driver/stm32h7xx_ll_usb.o
                0x080070a4                USB_DisableGlobalInt
 .text.USB_SetCurrentMode
                0x080070b0       0x5c ./Drivers/STM32H7xx_HAL_Driver/stm32h7xx_ll_usb.o
                0x080070b0                USB_SetCurrentMode
 .text.USB_FlushTxFifo
                0x0800710c       0x46 ./Drivers/STM32H7xx_HAL_Driver/stm32h7xx_ll_usb.o
                0x0800710c                USB_FlushTxFifo
 .text.USB_FlushRxFifo
                0x08007152       0x42 ./Drivers/STM32H7xx_HAL_Driver/stm32h7xx_ll_usb.o
                0x08007152                USB_FlushRxFifo
 .text.USB_SetDevSpeed
                0x08007194        0xe ./Drivers/STM32H7xx_HAL_Driver/stm32h7xx_ll_usb.o
                0x08007194                USB_SetDevSpeed
 *fill*         0x080071a2        0x2 
 .text.USB_DevInit
                0x080071a4      0x170 ./Drivers/STM32H7xx_HAL_Driver/stm32h7xx_ll_usb.o
                0x080071a4                USB_DevInit
 .text.USB_GetDevSpeed
                0x08007314       0x16 ./Drivers/STM32H7xx_HAL_Driver/stm32h7xx_ll_usb.o
                0x08007314                USB_GetDevSpeed
 .text.USB_ActivateEndpoint
                0x0800732a       0x7e ./Drivers/STM32H7xx_HAL_Driver/stm32h7xx_ll_usb.o
                0x0800732a                USB_ActivateEndpoint
 .text.USB_DeactivateEndpoint
                0x080073a8       0xac ./Drivers/STM32H7xx_HAL_Driver/stm32h7xx_ll_usb.o
                0x080073a8                USB_DeactivateEndpoint
 .text.USB_EPStopXfer
                0x08007454       0x84 ./Drivers/STM32H7xx_HAL_Driver/stm32h7xx_ll_usb.o
                0x08007454                USB_EPStopXfer
 .text.USB_WritePacket
                0x080074d8       0x26 ./Drivers/STM32H7xx_HAL_Driver/stm32h7xx_ll_usb.o
                0x080074d8                USB_WritePacket
 *fill*         0x080074fe        0x2 
 .text.USB_EPStartXfer
                0x08007500      0x1c4 ./Drivers/STM32H7xx_HAL_Driver/stm32h7xx_ll_usb.o
                0x08007500                USB_EPStartXfer
 .text.USB_ReadPacket
                0x080076c4       0x40 ./Drivers/STM32H7xx_HAL_Driver/stm32h7xx_ll_usb.o
                0x080076c4                USB_ReadPacket
 .text.USB_EPSetStall
                0x08007704       0x56 ./Drivers/STM32H7xx_HAL_Driver/stm32h7xx_ll_usb.o
                0x08007704                USB_EPSetStall
 .text.USB_EPClearStall
                0x0800775a       0x52 ./Drivers/STM32H7xx_HAL_Driver/stm32h7xx_ll_usb.o
                0x0800775a                USB_EPClearStall
 .text.USB_SetDevAddress
                0x080077ac       0x20 ./Drivers/STM32H7xx_HAL_Driver/stm32h7xx_ll_usb.o
                0x080077ac                USB_SetDevAddress
 .text.USB_DevConnect
                0x080077cc       0x1c ./Drivers/STM32H7xx_HAL_Driver/stm32h7xx_ll_usb.o
                0x080077cc                USB_DevConnect
 .text.USB_DevDisconnect
                0x080077e8       0x1c ./Drivers/STM32H7xx_HAL_Driver/stm32h7xx_ll_usb.o
                0x080077e8                USB_DevDisconnect
 .text.USB_ReadInterrupts
                0x08007804        0x8 ./Drivers/STM32H7xx_HAL_Driver/stm32h7xx_ll_usb.o
                0x08007804                USB_ReadInterrupts
 .text.USB_ReadDevAllOutEpInterrupt
                0x0800780c       0x10 ./Drivers/STM32H7xx_HAL_Driver/stm32h7xx_ll_usb.o
                0x0800780c                USB_ReadDevAllOutEpInterrupt
 .text.USB_ReadDevAllInEpInterrupt
                0x0800781c       0x10 ./Drivers/STM32H7xx_HAL_Driver/stm32h7xx_ll_usb.o
                0x0800781c                USB_ReadDevAllInEpInterrupt
 .text.USB_ReadDevOutEPInterrupt
                0x0800782c       0x12 ./Drivers/STM32H7xx_HAL_Driver/stm32h7xx_ll_usb.o
                0x0800782c                USB_ReadDevOutEPInterrupt
 .text.USB_ReadDevInEPInterrupt
                0x0800783e       0x22 ./Drivers/STM32H7xx_HAL_Driver/stm32h7xx_ll_usb.o
                0x0800783e                USB_ReadDevInEPInterrupt
 .text.USB_GetMode
                0x08007860        0x8 ./Drivers/STM32H7xx_HAL_Driver/stm32h7xx_ll_usb.o
                0x08007860                USB_GetMode
 .text.USB_ActivateSetup
                0x08007868       0x20 ./Drivers/STM32H7xx_HAL_Driver/stm32h7xx_ll_usb.o
                0x08007868                USB_ActivateSetup
 .text.USB_EP0_OutStart
                0x08007888       0x4c ./Drivers/STM32H7xx_HAL_Driver/stm32h7xx_ll_usb.o
                0x08007888                USB_EP0_OutStart
 .text.ethernet_link_status_updated
                0x080078d4        0x2 ./LWIP/App/lwip.o
 *fill*         0x080078d6        0x2 
 .text.MX_LWIP_Init
                0x080078d8       0x9c ./LWIP/App/lwip.o
                0x080078d8                MX_LWIP_Init
 .text.ETH_PHY_IO_DeInit
                0x08007974        0x4 ./LWIP/Target/ethernetif.o
                0x08007974                ETH_PHY_IO_DeInit
 .text.low_level_output
                0x08007978       0x90 ./LWIP/Target/ethernetif.o
 .text.ETH_PHY_IO_GetTick
                0x08007a08        0x4 ./LWIP/Target/ethernetif.o
                0x08007a08                ETH_PHY_IO_GetTick
 .text.ETH_PHY_IO_Init
                0x08007a0c       0x10 ./LWIP/Target/ethernetif.o
                0x08007a0c                ETH_PHY_IO_Init
 .text.ETH_PHY_IO_ReadReg
                0x08007a1c       0x1c ./LWIP/Target/ethernetif.o
                0x08007a1c                ETH_PHY_IO_ReadReg
 .text.ETH_PHY_IO_WriteReg
                0x08007a38       0x1c ./LWIP/Target/ethernetif.o
                0x08007a38                ETH_PHY_IO_WriteReg
 .text.pbuf_free_custom
                0x08007a54       0x30 ./LWIP/Target/ethernetif.o
                0x08007a54                pbuf_free_custom
 .text.ethernetif_input
                0x08007a84       0x58 ./LWIP/Target/ethernetif.o
                0x08007a84                ethernetif_input
 .text.HAL_ETH_RxCpltCallback
                0x08007adc        0xc ./LWIP/Target/ethernetif.o
                0x08007adc                HAL_ETH_RxCpltCallback
 .text.HAL_ETH_TxCpltCallback
                0x08007ae8        0xc ./LWIP/Target/ethernetif.o
                0x08007ae8                HAL_ETH_TxCpltCallback
 .text.HAL_ETH_ErrorCallback
                0x08007af4       0x1c ./LWIP/Target/ethernetif.o
                0x08007af4                HAL_ETH_ErrorCallback
 .text.ethernetif_init
                0x08007b10      0x1c8 ./LWIP/Target/ethernetif.o
                0x08007b10                ethernetif_init
 .text.sys_now  0x08007cd8        0x4 ./LWIP/Target/ethernetif.o
                0x08007cd8                sys_now
 .text.HAL_ETH_MspInit
                0x08007cdc      0x148 ./LWIP/Target/ethernetif.o
                0x08007cdc                HAL_ETH_MspInit
 .text.ethernet_link_thread
                0x08007e24       0xa8 ./LWIP/Target/ethernetif.o
                0x08007e24                ethernet_link_thread
 .text.HAL_ETH_RxAllocateCallback
                0x08007ecc       0x44 ./LWIP/Target/ethernetif.o
                0x08007ecc                HAL_ETH_RxAllocateCallback
 .text.HAL_ETH_RxLinkCallback
                0x08007f10       0x5c ./LWIP/Target/ethernetif.o
                0x08007f10                HAL_ETH_RxLinkCallback
 .text.HAL_ETH_TxFreeCallback
                0x08007f6c        0x4 ./LWIP/Target/ethernetif.o
                0x08007f6c                HAL_ETH_TxFreeCallback
 .text.USBD_CDC_EP0_RxReady
                0x08007f70       0x38 ./Middlewares/ST/STM32_USB_Device_Library/usbd_cdc.o
 .text.USBD_CDC_GetDeviceQualifierDescriptor
                0x08007fa8        0xc ./Middlewares/ST/STM32_USB_Device_Library/usbd_cdc.o
                0x08007fa8                USBD_CDC_GetDeviceQualifierDescriptor
 .text.USBD_CDC_GetFSCfgDesc
                0x08007fb4       0x48 ./Middlewares/ST/STM32_USB_Device_Library/usbd_cdc.o
 .text.USBD_CDC_GetOtherSpeedCfgDesc
                0x08007ffc        0x4 ./Middlewares/ST/STM32_USB_Device_Library/usbd_cdc.o
 .text.USBD_CDC_GetHSCfgDesc
                0x08008000       0x48 ./Middlewares/ST/STM32_USB_Device_Library/usbd_cdc.o
 .text.USBD_CDC_DataOut
                0x08008048       0x38 ./Middlewares/ST/STM32_USB_Device_Library/usbd_cdc.o
 .text.USBD_CDC_DataIn
                0x08008080       0x64 ./Middlewares/ST/STM32_USB_Device_Library/usbd_cdc.o
 .text.USBD_CDC_Setup
                0x080080e4       0xf0 ./Middlewares/ST/STM32_USB_Device_Library/usbd_cdc.o
 .text.USBD_CDC_DeInit
                0x080081d4       0x5a ./Middlewares/ST/STM32_USB_Device_Library/usbd_cdc.o
 .text.USBD_CDC_Init
                0x0800822e       0xc6 ./Middlewares/ST/STM32_USB_Device_Library/usbd_cdc.o
 .text.USBD_CDC_RegisterInterface
                0x080082f4       0x16 ./Middlewares/ST/STM32_USB_Device_Library/usbd_cdc.o
                0x080082f4                USBD_CDC_RegisterInterface
 .text.USBD_CDC_SetTxBuffer
                0x0800830a       0x1c ./Middlewares/ST/STM32_USB_Device_Library/usbd_cdc.o
                0x0800830a                USBD_CDC_SetTxBuffer
 .text.USBD_CDC_SetRxBuffer
                0x08008326       0x18 ./Middlewares/ST/STM32_USB_Device_Library/usbd_cdc.o
                0x08008326                USBD_CDC_SetRxBuffer
 .text.USBD_CDC_ReceivePacket
                0x0800833e       0x2c ./Middlewares/ST/STM32_USB_Device_Library/usbd_cdc.o
                0x0800833e                USBD_CDC_ReceivePacket
 .text.USBD_Init
                0x0800836a       0x26 ./Middlewares/ST/STM32_USB_Device_Library/usbd_core.o
                0x0800836a                USBD_Init
 .text.USBD_RegisterClass
                0x08008390       0x32 ./Middlewares/ST/STM32_USB_Device_Library/usbd_core.o
                0x08008390                USBD_RegisterClass
 .text.USBD_Start
                0x080083c2        0x4 ./Middlewares/ST/STM32_USB_Device_Library/usbd_core.o
                0x080083c2                USBD_Start
 .text.USBD_SetClassConfig
                0x080083c6        0xe ./Middlewares/ST/STM32_USB_Device_Library/usbd_core.o
                0x080083c6                USBD_SetClassConfig
 .text.USBD_ClrClassConfig
                0x080083d4       0x12 ./Middlewares/ST/STM32_USB_Device_Library/usbd_core.o
                0x080083d4                USBD_ClrClassConfig
 .text.USBD_LL_SetupStage
                0x080083e6       0x60 ./Middlewares/ST/STM32_USB_Device_Library/usbd_core.o
                0x080083e6                USBD_LL_SetupStage
 .text.USBD_LL_DataOutStage
                0x08008446       0x6a ./Middlewares/ST/STM32_USB_Device_Library/usbd_core.o
                0x08008446                USBD_LL_DataOutStage
 .text.USBD_LL_DataInStage
                0x080084b0       0xa6 ./Middlewares/ST/STM32_USB_Device_Library/usbd_core.o
                0x080084b0                USBD_LL_DataInStage
 .text.USBD_LL_Reset
                0x08008556       0x5e ./Middlewares/ST/STM32_USB_Device_Library/usbd_core.o
                0x08008556                USBD_LL_Reset
 .text.USBD_LL_SetSpeed
                0x080085b4        0x6 ./Middlewares/ST/STM32_USB_Device_Library/usbd_core.o
                0x080085b4                USBD_LL_SetSpeed
 .text.USBD_LL_Suspend
                0x080085ba       0x1c ./Middlewares/ST/STM32_USB_Device_Library/usbd_core.o
                0x080085ba                USBD_LL_Suspend
 .text.USBD_LL_Resume
                0x080085d6       0x16 ./Middlewares/ST/STM32_USB_Device_Library/usbd_core.o
                0x080085d6                USBD_LL_Resume
 .text.USBD_LL_SOF
                0x080085ec       0x1a ./Middlewares/ST/STM32_USB_Device_Library/usbd_core.o
                0x080085ec                USBD_LL_SOF
 .text.USBD_LL_IsoINIncomplete
                0x08008606       0x26 ./Middlewares/ST/STM32_USB_Device_Library/usbd_core.o
                0x08008606                USBD_LL_IsoINIncomplete
 .text.USBD_LL_IsoOUTIncomplete
                0x0800862c       0x26 ./Middlewares/ST/STM32_USB_Device_Library/usbd_core.o
                0x0800862c                USBD_LL_IsoOUTIncomplete
 .text.USBD_LL_DevConnected
                0x08008652        0x4 ./Middlewares/ST/STM32_USB_Device_Library/usbd_core.o
                0x08008652                USBD_LL_DevConnected
 .text.USBD_LL_DevDisconnected
                0x08008656       0x20 ./Middlewares/ST/STM32_USB_Device_Library/usbd_core.o
                0x08008656                USBD_LL_DevDisconnected
 .text.USBD_CoreFindIF
                0x08008676        0x4 ./Middlewares/ST/STM32_USB_Device_Library/usbd_core.o
                0x08008676                USBD_CoreFindIF
 .text.USBD_CoreFindEP
                0x0800867a        0x4 ./Middlewares/ST/STM32_USB_Device_Library/usbd_core.o
                0x0800867a                USBD_CoreFindEP
 .text.USBD_GetEpDesc
                0x0800867e       0x24 ./Middlewares/ST/STM32_USB_Device_Library/usbd_core.o
                0x0800867e                USBD_GetEpDesc
 .text.USBD_CtlError.constprop.0
                0x080086a2       0x16 ./Middlewares/ST/STM32_USB_Device_Library/usbd_ctlreq.o
 .text.USBD_StdDevReq
                0x080086b8      0x298 ./Middlewares/ST/STM32_USB_Device_Library/usbd_ctlreq.o
                0x080086b8                USBD_StdDevReq
 .text.USBD_StdItfReq
                0x08008950       0x5a ./Middlewares/ST/STM32_USB_Device_Library/usbd_ctlreq.o
                0x08008950                USBD_StdItfReq
 .text.USBD_StdEPReq
                0x080089aa      0x13e ./Middlewares/ST/STM32_USB_Device_Library/usbd_ctlreq.o
                0x080089aa                USBD_StdEPReq
 .text.USBD_ParseSetupRequest
                0x08008ae8       0x16 ./Middlewares/ST/STM32_USB_Device_Library/usbd_ctlreq.o
                0x08008ae8                USBD_ParseSetupRequest
 .text.USBD_CtlError
                0x08008afe       0x16 ./Middlewares/ST/STM32_USB_Device_Library/usbd_ctlreq.o
                0x08008afe                USBD_CtlError
 .text.USBD_GetString
                0x08008b14       0x38 ./Middlewares/ST/STM32_USB_Device_Library/usbd_ctlreq.o
                0x08008b14                USBD_GetString
 .text.USBD_CtlSendData
                0x08008b4c       0x1a ./Middlewares/ST/STM32_USB_Device_Library/usbd_ioreq.o
                0x08008b4c                USBD_CtlSendData
 .text.USBD_CtlContinueSendData
                0x08008b66       0x10 ./Middlewares/ST/STM32_USB_Device_Library/usbd_ioreq.o
                0x08008b66                USBD_CtlContinueSendData
 .text.USBD_CtlPrepareRx
                0x08008b76       0x1a ./Middlewares/ST/STM32_USB_Device_Library/usbd_ioreq.o
                0x08008b76                USBD_CtlPrepareRx
 .text.USBD_CtlContinueRx
                0x08008b90       0x10 ./Middlewares/ST/STM32_USB_Device_Library/usbd_ioreq.o
                0x08008b90                USBD_CtlContinueRx
 .text.USBD_CtlSendStatus
                0x08008ba0       0x16 ./Middlewares/ST/STM32_USB_Device_Library/usbd_ioreq.o
                0x08008ba0                USBD_CtlSendStatus
 .text.USBD_CtlReceiveStatus
                0x08008bb6       0x16 ./Middlewares/ST/STM32_USB_Device_Library/usbd_ioreq.o
                0x08008bb6                USBD_CtlReceiveStatus
 .text.SysTick_Handler
                0x08008bcc       0x1a ./Middlewares/Third_Party/FreeRTOS/cmsis_os2.o
                0x08008bcc                SysTick_Handler
 *fill*         0x08008be6        0x2 
 .text.osKernelInitialize
                0x08008be8       0x24 ./Middlewares/Third_Party/FreeRTOS/cmsis_os2.o
                0x08008be8                osKernelInitialize
 .text.osKernelStart
                0x08008c0c       0x34 ./Middlewares/Third_Party/FreeRTOS/cmsis_os2.o
                0x08008c0c                osKernelStart
 .text.osKernelGetTickCount
                0x08008c40        0xe ./Middlewares/Third_Party/FreeRTOS/cmsis_os2.o
                0x08008c40                osKernelGetTickCount
 .text.osThreadNew
                0x08008c4e       0x94 ./Middlewares/Third_Party/FreeRTOS/cmsis_os2.o
                0x08008c4e                osThreadNew
 .text.osDelay  0x08008ce2       0x18 ./Middlewares/Third_Party/FreeRTOS/cmsis_os2.o
                0x08008ce2                osDelay
 .text.osMutexNew
                0x08008cfa       0x6a ./Middlewares/Third_Party/FreeRTOS/cmsis_os2.o
                0x08008cfa                osMutexNew
 .text.osMutexAcquire
                0x08008d64       0x46 ./Middlewares/Third_Party/FreeRTOS/cmsis_os2.o
                0x08008d64                osMutexAcquire
 .text.osMutexRelease
                0x08008daa       0x3e ./Middlewares/Third_Party/FreeRTOS/cmsis_os2.o
                0x08008daa                osMutexRelease
 .text.osSemaphoreNew
                0x08008de8       0x94 ./Middlewares/Third_Party/FreeRTOS/cmsis_os2.o
                0x08008de8                osSemaphoreNew
 .text.osSemaphoreAcquire
                0x08008e7c       0x58 ./Middlewares/Third_Party/FreeRTOS/cmsis_os2.o
                0x08008e7c                osSemaphoreAcquire
 .text.osSemaphoreRelease
                0x08008ed4       0x52 ./Middlewares/Third_Party/FreeRTOS/cmsis_os2.o
                0x08008ed4                osSemaphoreRelease
 .text.osMessageQueueNew
                0x08008f26       0x76 ./Middlewares/Third_Party/FreeRTOS/cmsis_os2.o
                0x08008f26                osMessageQueueNew
 .text.osMessageQueuePut
                0x08008f9c       0x62 ./Middlewares/Third_Party/FreeRTOS/cmsis_os2.o
                0x08008f9c                osMessageQueuePut
 .text.osMessageQueueGet
                0x08008ffe       0x60 ./Middlewares/Third_Party/FreeRTOS/cmsis_os2.o
                0x08008ffe                osMessageQueueGet
 *fill*         0x0800905e        0x2 
 .text.vApplicationGetIdleTaskMemory
                0x08009060       0x18 ./Middlewares/Third_Party/FreeRTOS/cmsis_os2.o
                0x08009060                vApplicationGetIdleTaskMemory
 .text.vApplicationGetTimerTaskMemory
                0x08009078       0x18 ./Middlewares/Third_Party/FreeRTOS/cmsis_os2.o
                0x08009078                vApplicationGetTimerTaskMemory
 .text.prvInsertBlockIntoFreeList
                0x08009090       0x4c ./Middlewares/Third_Party/FreeRTOS/heap_4.o
 .text.pvPortMalloc
                0x080090dc      0x130 ./Middlewares/Third_Party/FreeRTOS/heap_4.o
                0x080090dc                pvPortMalloc
 .text.vPortFree
                0x0800920c       0x7c ./Middlewares/Third_Party/FreeRTOS/heap_4.o
                0x0800920c                vPortFree
 .text.vListInitialise
                0x08009288       0x16 ./Middlewares/Third_Party/FreeRTOS/list.o
                0x08009288                vListInitialise
 .text.vListInitialiseItem
                0x0800929e        0x6 ./Middlewares/Third_Party/FreeRTOS/list.o
                0x0800929e                vListInitialiseItem
 .text.vListInsertEnd
                0x080092a4       0x16 ./Middlewares/Third_Party/FreeRTOS/list.o
                0x080092a4                vListInsertEnd
 .text.vListInsert
                0x080092ba       0x2e ./Middlewares/Third_Party/FreeRTOS/list.o
                0x080092ba                vListInsert
 .text.uxListRemove
                0x080092e8       0x20 ./Middlewares/Third_Party/FreeRTOS/list.o
                0x080092e8                uxListRemove
 .text.prvPortStartFirstTask
                0x08009308       0x28 ./Middlewares/Third_Party/FreeRTOS/port.o
 .text.vPortEnableVFP
                0x08009330       0x14 ./Middlewares/Third_Party/FreeRTOS/port.o
 .text.prvTaskExitError
                0x08009344       0x40 ./Middlewares/Third_Party/FreeRTOS/port.o
 .text.pxPortInitialiseStack
                0x08009384       0x24 ./Middlewares/Third_Party/FreeRTOS/port.o
                0x08009384                pxPortInitialiseStack
 *fill*         0x080093a8        0x8 
 .text.SVC_Handler
                0x080093b0       0x24 ./Middlewares/Third_Party/FreeRTOS/port.o
                0x080093b0                SVC_Handler
 .text.vPortEnterCritical
                0x080093d4       0x40 ./Middlewares/Third_Party/FreeRTOS/port.o
                0x080093d4                vPortEnterCritical
 .text.vPortExitCritical
                0x08009414       0x28 ./Middlewares/Third_Party/FreeRTOS/port.o
                0x08009414                vPortExitCritical
 *fill*         0x0800943c        0x4 
 .text.PendSV_Handler
                0x08009440       0x64 ./Middlewares/Third_Party/FreeRTOS/port.o
                0x08009440                PendSV_Handler
 .text.xPortSysTickHandler
                0x080094a4       0x2c ./Middlewares/Third_Party/FreeRTOS/port.o
                0x080094a4                xPortSysTickHandler
 .text.vPortSetupTimerInterrupt
                0x080094d0       0x24 ./Middlewares/Third_Party/FreeRTOS/port.o
                0x080094d0                vPortSetupTimerInterrupt
 .text.xPortStartScheduler
                0x080094f4      0x104 ./Middlewares/Third_Party/FreeRTOS/port.o
                0x080094f4                xPortStartScheduler
 .text.vPortValidateInterruptPriority
                0x080095f8       0x5c ./Middlewares/Third_Party/FreeRTOS/port.o
                0x080095f8                vPortValidateInterruptPriority
 .text.prvIsQueueEmpty
                0x08009654       0x16 ./Middlewares/Third_Party/FreeRTOS/queue.o
 .text.prvCopyDataToQueue
                0x0800966a       0x66 ./Middlewares/Third_Party/FreeRTOS/queue.o
 .text.prvCopyDataFromQueue
                0x080096d0       0x2a ./Middlewares/Third_Party/FreeRTOS/queue.o
 .text.prvUnlockQueue
                0x080096fa       0x70 ./Middlewares/Third_Party/FreeRTOS/queue.o
 .text.xQueueGenericReset
                0x0800976a       0x7e ./Middlewares/Third_Party/FreeRTOS/queue.o
                0x0800976a                xQueueGenericReset
 .text.xQueueGenericCreateStatic
                0x080097e8       0x9c ./Middlewares/Third_Party/FreeRTOS/queue.o
                0x080097e8                xQueueGenericCreateStatic
 .text.xQueueGenericCreate
                0x08009884       0x4e ./Middlewares/Third_Party/FreeRTOS/queue.o
                0x08009884                xQueueGenericCreate
 .text.xQueueCreateCountingSemaphoreStatic
                0x080098d2       0x44 ./Middlewares/Third_Party/FreeRTOS/queue.o
                0x080098d2                xQueueCreateCountingSemaphoreStatic
 .text.xQueueCreateCountingSemaphore
                0x08009916       0x3c ./Middlewares/Third_Party/FreeRTOS/queue.o
                0x08009916                xQueueCreateCountingSemaphore
 .text.xQueueGenericSend
                0x08009952      0x164 ./Middlewares/Third_Party/FreeRTOS/queue.o
                0x08009952                xQueueGenericSend
 .text.xQueueCreateMutexStatic
                0x08009ab6       0x2a ./Middlewares/Third_Party/FreeRTOS/queue.o
                0x08009ab6                xQueueCreateMutexStatic
 .text.xQueueGiveMutexRecursive
                0x08009ae0       0x3e ./Middlewares/Third_Party/FreeRTOS/queue.o
                0x08009ae0                xQueueGiveMutexRecursive
 .text.xQueueCreateMutex
                0x08009b1e       0x3a ./Middlewares/Third_Party/FreeRTOS/queue.o
                0x08009b1e                xQueueCreateMutex
 .text.xQueueGenericSendFromISR
                0x08009b58       0xba ./Middlewares/Third_Party/FreeRTOS/queue.o
                0x08009b58                xQueueGenericSendFromISR
 .text.xQueueGiveFromISR
                0x08009c12       0xa2 ./Middlewares/Third_Party/FreeRTOS/queue.o
                0x08009c12                xQueueGiveFromISR
 .text.xQueueReceive
                0x08009cb4      0x13c ./Middlewares/Third_Party/FreeRTOS/queue.o
                0x08009cb4                xQueueReceive
 .text.xQueueSemaphoreTake
                0x08009df0      0x17a ./Middlewares/Third_Party/FreeRTOS/queue.o
                0x08009df0                xQueueSemaphoreTake
 .text.xQueueTakeMutexRecursive
                0x08009f6a       0x42 ./Middlewares/Third_Party/FreeRTOS/queue.o
                0x08009f6a                xQueueTakeMutexRecursive
 .text.xQueueReceiveFromISR
                0x08009fac       0x9a ./Middlewares/Third_Party/FreeRTOS/queue.o
                0x08009fac                xQueueReceiveFromISR
 *fill*         0x0800a046        0x2 
 .text.vQueueAddToRegistry
                0x0800a048       0x24 ./Middlewares/Third_Party/FreeRTOS/queue.o
                0x0800a048                vQueueAddToRegistry
 .text.vQueueUnregisterQueue
                0x0800a06c       0x30 ./Middlewares/Third_Party/FreeRTOS/queue.o
                0x0800a06c                vQueueUnregisterQueue
 .text.vQueueDelete
                0x0800a09c       0x2a ./Middlewares/Third_Party/FreeRTOS/queue.o
                0x0800a09c                vQueueDelete
 .text.vQueueWaitForMessageRestricted
                0x0800a0c6       0x46 ./Middlewares/Third_Party/FreeRTOS/queue.o
                0x0800a0c6                vQueueWaitForMessageRestricted
 .text.prvAddNewTaskToReadyList
                0x0800a10c       0xfc ./Middlewares/Third_Party/FreeRTOS/tasks.o
 .text.prvAddCurrentTaskToDelayedList
                0x0800a208       0x70 ./Middlewares/Third_Party/FreeRTOS/tasks.o
 .text.prvResetNextTaskUnblockTime
                0x0800a278       0x24 ./Middlewares/Third_Party/FreeRTOS/tasks.o
 .text.prvDeleteTCB
                0x0800a29c       0x3c ./Middlewares/Third_Party/FreeRTOS/tasks.o
 .text.prvIdleTask
                0x0800a2d8       0x60 ./Middlewares/Third_Party/FreeRTOS/tasks.o
 .text.prvInitialiseNewTask.constprop.0
                0x0800a338       0xb8 ./Middlewares/Third_Party/FreeRTOS/tasks.o
 .text.xTaskCreateStatic
                0x0800a3f0       0x70 ./Middlewares/Third_Party/FreeRTOS/tasks.o
                0x0800a3f0                xTaskCreateStatic
 .text.xTaskCreate
                0x0800a460       0x5c ./Middlewares/Third_Party/FreeRTOS/tasks.o
                0x0800a460                xTaskCreate
 .text.vTaskStartScheduler
                0x0800a4bc       0xa0 ./Middlewares/Third_Party/FreeRTOS/tasks.o
                0x0800a4bc                vTaskStartScheduler
 .text.vTaskSuspendAll
                0x0800a55c       0x10 ./Middlewares/Third_Party/FreeRTOS/tasks.o
                0x0800a55c                vTaskSuspendAll
 .text.xTaskGetTickCount
                0x0800a56c        0xc ./Middlewares/Third_Party/FreeRTOS/tasks.o
                0x0800a56c                xTaskGetTickCount
 .text.xTaskGetTickCountFromISR
                0x0800a578       0x10 ./Middlewares/Third_Party/FreeRTOS/tasks.o
                0x0800a578                xTaskGetTickCountFromISR
 .text.xTaskIncrementTick
                0x0800a588      0x12c ./Middlewares/Third_Party/FreeRTOS/tasks.o
                0x0800a588                xTaskIncrementTick
 .text.xTaskResumeAll
                0x0800a6b4       0xe8 ./Middlewares/Third_Party/FreeRTOS/tasks.o
                0x0800a6b4                xTaskResumeAll
 .text.vTaskDelay
                0x0800a79c       0x48 ./Middlewares/Third_Party/FreeRTOS/tasks.o
                0x0800a79c                vTaskDelay
 .text.vTaskSwitchContext
                0x0800a7e4       0x80 ./Middlewares/Third_Party/FreeRTOS/tasks.o
                0x0800a7e4                vTaskSwitchContext
 .text.vTaskPlaceOnEventList
                0x0800a864       0x34 ./Middlewares/Third_Party/FreeRTOS/tasks.o
                0x0800a864                vTaskPlaceOnEventList
 .text.vTaskPlaceOnEventListRestricted
                0x0800a898       0x3c ./Middlewares/Third_Party/FreeRTOS/tasks.o
                0x0800a898                vTaskPlaceOnEventListRestricted
 .text.xTaskRemoveFromEventList
                0x0800a8d4       0x84 ./Middlewares/Third_Party/FreeRTOS/tasks.o
                0x0800a8d4                xTaskRemoveFromEventList
 .text.vTaskInternalSetTimeOutState
                0x0800a958       0x18 ./Middlewares/Third_Party/FreeRTOS/tasks.o
                0x0800a958                vTaskInternalSetTimeOutState
 .text.xTaskCheckForTimeOut
                0x0800a970       0x78 ./Middlewares/Third_Party/FreeRTOS/tasks.o
                0x0800a970                xTaskCheckForTimeOut
 .text.vTaskMissedYield
                0x0800a9e8        0xc ./Middlewares/Third_Party/FreeRTOS/tasks.o
                0x0800a9e8                vTaskMissedYield
 .text.xTaskGetCurrentTaskHandle
                0x0800a9f4        0xc ./Middlewares/Third_Party/FreeRTOS/tasks.o
                0x0800a9f4                xTaskGetCurrentTaskHandle
 .text.xTaskGetSchedulerState
                0x0800aa00       0x20 ./Middlewares/Third_Party/FreeRTOS/tasks.o
                0x0800aa00                xTaskGetSchedulerState
 .text.xTaskPriorityInherit
                0x0800aa20       0x7c ./Middlewares/Third_Party/FreeRTOS/tasks.o
                0x0800aa20                xTaskPriorityInherit
 .text.xTaskPriorityDisinherit
                0x0800aa9c       0x84 ./Middlewares/Third_Party/FreeRTOS/tasks.o
                0x0800aa9c                xTaskPriorityDisinherit
 .text.vTaskPriorityDisinheritAfterTimeout
                0x0800ab20       0x9c ./Middlewares/Third_Party/FreeRTOS/tasks.o
                0x0800ab20                vTaskPriorityDisinheritAfterTimeout
 .text.pvTaskIncrementMutexHeldCount
                0x0800abbc       0x18 ./Middlewares/Third_Party/FreeRTOS/tasks.o
                0x0800abbc                pvTaskIncrementMutexHeldCount
 .text.prvInsertTimerInActiveList
                0x0800abd4       0x3c ./Middlewares/Third_Party/FreeRTOS/timers.o
 .text.prvCheckForValidListAndQueue
                0x0800ac10       0x68 ./Middlewares/Third_Party/FreeRTOS/timers.o
 .text.xTimerCreateTimerTask
                0x0800ac78       0x64 ./Middlewares/Third_Party/FreeRTOS/timers.o
                0x0800ac78                xTimerCreateTimerTask
 .text.xTimerGenericCommand
                0x0800acdc       0x54 ./Middlewares/Third_Party/FreeRTOS/timers.o
                0x0800acdc                xTimerGenericCommand
 .text.prvSampleTimeNow
                0x0800ad30       0xa4 ./Middlewares/Third_Party/FreeRTOS/timers.o
 .text.prvTimerTask
                0x0800add4      0x1cc ./Middlewares/Third_Party/FreeRTOS/timers.o
 .text.lwip_htons
                0x0800afa0        0x6 ./Middlewares/Third_Party/LwIP/def.o
                0x0800afa0                lwip_htons
 .text.lwip_htonl
                0x0800afa6        0x4 ./Middlewares/Third_Party/LwIP/def.o
                0x0800afa6                lwip_htonl
 .text.dhcp_set_state
                0x0800afaa       0x10 ./Middlewares/Third_Party/LwIP/dhcp.o
 *fill*         0x0800afba        0x2 
 .text.dhcp_option_short
                0x0800afbc       0x38 ./Middlewares/Third_Party/LwIP/dhcp.o
 .text.dhcp_option
                0x0800aff4       0x3c ./Middlewares/Third_Party/LwIP/dhcp.o
 .text.dhcp_option_byte
                0x0800b030       0x30 ./Middlewares/Third_Party/LwIP/dhcp.o
 .text.dhcp_option_long
                0x0800b060       0x48 ./Middlewares/Third_Party/LwIP/dhcp.o
 .text.dhcp_create_msg
                0x0800b0a8      0x118 ./Middlewares/Third_Party/LwIP/dhcp.o
 .text.dhcp_option_trailer
                0x0800b1c0       0x3e ./Middlewares/Third_Party/LwIP/dhcp.o
 *fill*         0x0800b1fe        0x2 
 .text.dhcp_discover
                0x0800b200       0xe8 ./Middlewares/Third_Party/LwIP/dhcp.o
 .text.dhcp_check
                0x0800b2e8       0x2a ./Middlewares/Third_Party/LwIP/dhcp.o
 *fill*         0x0800b312        0x2 
 .text.dhcp_bind
                0x0800b314      0x108 ./Middlewares/Third_Party/LwIP/dhcp.o
 .text.dhcp_inc_pcb_refcount
                0x0800b41c       0x74 ./Middlewares/Third_Party/LwIP/dhcp.o
 .text.dhcp_dec_pcb_refcount
                0x0800b490       0x40 ./Middlewares/Third_Party/LwIP/dhcp.o
 .text.dhcp_reboot.isra.0
                0x0800b4d0       0xf8 ./Middlewares/Third_Party/LwIP/dhcp.o
 .text.dhcp_handle_ack.isra.0
                0x0800b5c8       0x68 ./Middlewares/Third_Party/LwIP/dhcp.o
 .text.dhcp_select.isra.0
                0x0800b630      0x150 ./Middlewares/Third_Party/LwIP/dhcp.o
 .text.dhcp_recv
                0x0800b780      0x418 ./Middlewares/Third_Party/LwIP/dhcp.o
 .text.dhcp_network_changed
                0x0800bb98       0x58 ./Middlewares/Third_Party/LwIP/dhcp.o
                0x0800bb98                dhcp_network_changed
 .text.dhcp_arp_reply
                0x0800bbf0       0xbc ./Middlewares/Third_Party/LwIP/dhcp.o
                0x0800bbf0                dhcp_arp_reply
 .text.dhcp_renew
                0x0800bcac       0xdc ./Middlewares/Third_Party/LwIP/dhcp.o
                0x0800bcac                dhcp_renew
 .text.dhcp_supplied_address
                0x0800bd88       0x1e ./Middlewares/Third_Party/LwIP/dhcp.o
                0x0800bd88                dhcp_supplied_address
 *fill*         0x0800bda6        0x2 
 .text.dhcp_release_and_stop
                0x0800bda8       0xb4 ./Middlewares/Third_Party/LwIP/dhcp.o
                0x0800bda8                dhcp_release_and_stop
 .text.dhcp_start
                0x0800be5c       0xa8 ./Middlewares/Third_Party/LwIP/dhcp.o
                0x0800be5c                dhcp_start
 .text.dhcp_coarse_tmr
                0x0800bf04      0x164 ./Middlewares/Third_Party/LwIP/dhcp.o
                0x0800bf04                dhcp_coarse_tmr
 .text.dhcp_fine_tmr
                0x0800c068       0x9c ./Middlewares/Third_Party/LwIP/dhcp.o
                0x0800c068                dhcp_fine_tmr
 .text.etharp_free_entry
                0x0800c104       0x28 ./Middlewares/Third_Party/LwIP/etharp.o
 .text.etharp_find_entry
                0x0800c12c      0x128 ./Middlewares/Third_Party/LwIP/etharp.o
 .text.etharp_raw
                0x0800c254       0xdc ./Middlewares/Third_Party/LwIP/etharp.o
 .text.etharp_cleanup_netif
                0x0800c330       0x28 ./Middlewares/Third_Party/LwIP/etharp.o
                0x0800c330                etharp_cleanup_netif
 .text.etharp_input
                0x0800c358      0x160 ./Middlewares/Third_Party/LwIP/etharp.o
                0x0800c358                etharp_input
 .text.etharp_request
                0x0800c4b8       0x2c ./Middlewares/Third_Party/LwIP/etharp.o
                0x0800c4b8                etharp_request
 .text.etharp_tmr
                0x0800c4e4       0x50 ./Middlewares/Third_Party/LwIP/etharp.o
                0x0800c4e4                etharp_tmr
 .text.etharp_output_to_arp_index
                0x0800c534       0xac ./Middlewares/Third_Party/LwIP/etharp.o
 .text.etharp_query
                0x0800c5e0      0x138 ./Middlewares/Third_Party/LwIP/etharp.o
                0x0800c5e0                etharp_query
 .text.etharp_output
                0x0800c718      0x138 ./Middlewares/Third_Party/LwIP/etharp.o
                0x0800c718                etharp_output
 .text.ethernet_input
                0x0800c850       0xa0 ./Middlewares/Third_Party/LwIP/ethernet.o
                0x0800c850                ethernet_input
 .text.ethernet_output
                0x0800c8f0       0x70 ./Middlewares/Third_Party/LwIP/ethernet.o
                0x0800c8f0                ethernet_output
 .text.icmp_send_response
                0x0800c960       0xa0 ./Middlewares/Third_Party/LwIP/icmp.o
 .text.icmp_input
                0x0800ca00      0x150 ./Middlewares/Third_Party/LwIP/icmp.o
                0x0800ca00                icmp_input
 .text.icmp_dest_unreach
                0x0800cb50        0x8 ./Middlewares/Third_Party/LwIP/icmp.o
                0x0800cb50                icmp_dest_unreach
 .text.icmp_time_exceeded
                0x0800cb58        0x8 ./Middlewares/Third_Party/LwIP/icmp.o
                0x0800cb58                icmp_time_exceeded
 .text.lwip_standard_chksum
                0x0800cb60       0x54 ./Middlewares/Third_Party/LwIP/inet_chksum.o
                0x0800cb60                lwip_standard_chksum
 .text.inet_chksum
                0x0800cbb4        0xc ./Middlewares/Third_Party/LwIP/inet_chksum.o
                0x0800cbb4                inet_chksum
 .text.inet_chksum_pbuf
                0x0800cbc0       0x44 ./Middlewares/Third_Party/LwIP/inet_chksum.o
                0x0800cbc0                inet_chksum_pbuf
 .text.lwip_init
                0x0800cc04       0x22 ./Middlewares/Third_Party/LwIP/init.o
                0x0800cc04                lwip_init
 *fill*         0x0800cc26        0x2 
 .text.ip4_input_accept
                0x0800cc28       0x34 ./Middlewares/Third_Party/LwIP/ip4.o
 .text.ip4_route
                0x0800cc5c       0x5c ./Middlewares/Third_Party/LwIP/ip4.o
                0x0800cc5c                ip4_route
 .text.ip4_input
                0x0800ccb8      0x18c ./Middlewares/Third_Party/LwIP/ip4.o
                0x0800ccb8                ip4_input
 .text.ip4_output_if_src
                0x0800ce44       0xf8 ./Middlewares/Third_Party/LwIP/ip4.o
                0x0800ce44                ip4_output_if_src
 .text.ip4_output_if
                0x0800cf3c       0x22 ./Middlewares/Third_Party/LwIP/ip4.o
                0x0800cf3c                ip4_output_if
 .text.ip4_addr_isbroadcast_u32
                0x0800cf5e       0x36 ./Middlewares/Third_Party/LwIP/ip4_addr.o
                0x0800cf5e                ip4_addr_isbroadcast_u32
 .text.ip_reass_dequeue_datagram
                0x0800cf94       0x44 ./Middlewares/Third_Party/LwIP/ip4_frag.o
 .text.ip_reass_free_complete_datagram
                0x0800cfd8       0xe8 ./Middlewares/Third_Party/LwIP/ip4_frag.o
 .text.ip_reass_remove_oldest_datagram
                0x0800d0c0       0x78 ./Middlewares/Third_Party/LwIP/ip4_frag.o
 .text.ipfrag_free_pbuf_custom
                0x0800d138       0x34 ./Middlewares/Third_Party/LwIP/ip4_frag.o
 .text.ip_reass_tmr
                0x0800d16c       0x2c ./Middlewares/Third_Party/LwIP/ip4_frag.o
                0x0800d16c                ip_reass_tmr
 .text.ip4_reass
                0x0800d198      0x3a8 ./Middlewares/Third_Party/LwIP/ip4_frag.o
                0x0800d198                ip4_reass
 .text.ip4_frag
                0x0800d540      0x1cc ./Middlewares/Third_Party/LwIP/ip4_frag.o
                0x0800d540                ip4_frag
 .text.mem_init
                0x0800d70c       0x74 ./Middlewares/Third_Party/LwIP/mem.o
                0x0800d70c                mem_init
 .text.mem_free
                0x0800d780      0x1b0 ./Middlewares/Third_Party/LwIP/mem.o
                0x0800d780                mem_free
 .text.mem_trim
                0x0800d930      0x16c ./Middlewares/Third_Party/LwIP/mem.o
                0x0800d930                mem_trim
 .text.mem_malloc
                0x0800da9c      0x15c ./Middlewares/Third_Party/LwIP/mem.o
                0x0800da9c                mem_malloc
 .text.do_memp_malloc_pool
                0x0800dbf8       0x3c ./Middlewares/Third_Party/LwIP/memp.o
 .text.do_memp_free_pool
                0x0800dc34       0x38 ./Middlewares/Third_Party/LwIP/memp.o
 .text.memp_init_pool
                0x0800dc6c       0x26 ./Middlewares/Third_Party/LwIP/memp.o
                0x0800dc6c                memp_init_pool
 *fill*         0x0800dc92        0x2 
 .text.memp_init
                0x0800dc94       0x1c ./Middlewares/Third_Party/LwIP/memp.o
                0x0800dc94                memp_init
 .text.memp_malloc_pool
                0x0800dcb0       0x2c ./Middlewares/Third_Party/LwIP/memp.o
                0x0800dcb0                memp_malloc_pool
 .text.memp_malloc
                0x0800dcdc       0x38 ./Middlewares/Third_Party/LwIP/memp.o
                0x0800dcdc                memp_malloc
 .text.memp_free_pool
                0x0800dd14       0x24 ./Middlewares/Third_Party/LwIP/memp.o
                0x0800dd14                memp_free_pool
 .text.memp_free
                0x0800dd38       0x30 ./Middlewares/Third_Party/LwIP/memp.o
                0x0800dd38                memp_free
 .text.netif_null_output_ip4
                0x0800dd68        0x6 ./Middlewares/Third_Party/LwIP/netif.o
 *fill*         0x0800dd6e        0x2 
 .text.netif_issue_reports
                0x0800dd70       0x44 ./Middlewares/Third_Party/LwIP/netif.o
 .text.netif_do_set_ipaddr.isra.0
                0x0800ddb4       0x34 ./Middlewares/Third_Party/LwIP/netif.o
 .text.netif_init
                0x0800dde8        0x2 ./Middlewares/Third_Party/LwIP/netif.o
                0x0800dde8                netif_init
 *fill*         0x0800ddea        0x2 
 .text.netif_set_addr
                0x0800ddec       0x58 ./Middlewares/Third_Party/LwIP/netif.o
                0x0800ddec                netif_set_addr
 .text.netif_add
                0x0800de44      0x11c ./Middlewares/Third_Party/LwIP/netif.o
                0x0800de44                netif_add
 .text.netif_set_default
                0x0800df60        0xc ./Middlewares/Third_Party/LwIP/netif.o
                0x0800df60                netif_set_default
 .text.netif_set_up
                0x0800df6c       0x34 ./Middlewares/Third_Party/LwIP/netif.o
                0x0800df6c                netif_set_up
 .text.netif_set_down
                0x0800dfa0       0x38 ./Middlewares/Third_Party/LwIP/netif.o
                0x0800dfa0                netif_set_down
 .text.netif_set_link_up
                0x0800dfd8       0x50 ./Middlewares/Third_Party/LwIP/netif.o
                0x0800dfd8                netif_set_link_up
 .text.netif_set_link_down
                0x0800e028       0x34 ./Middlewares/Third_Party/LwIP/netif.o
                0x0800e028                netif_set_link_down
 .text.netif_set_link_callback
                0x0800e05c        0x6 ./Middlewares/Third_Party/LwIP/netif.o
                0x0800e05c                netif_set_link_callback
 *fill*         0x0800e062        0x2 
 .text.netif_get_by_index
                0x0800e064       0x24 ./Middlewares/Third_Party/LwIP/netif.o
                0x0800e064                netif_get_by_index
 .text.pbuf_add_header_impl
                0x0800e088       0x68 ./Middlewares/Third_Party/LwIP/pbuf.o
 .text.pbuf_free_ooseq_callback
                0x0800e0f0       0x30 ./Middlewares/Third_Party/LwIP/pbuf.o
 .text.pbuf_alloc_reference
                0x0800e120       0x48 ./Middlewares/Third_Party/LwIP/pbuf.o
                0x0800e120                pbuf_alloc_reference
 .text.pbuf_alloced_custom
                0x0800e168       0x34 ./Middlewares/Third_Party/LwIP/pbuf.o
                0x0800e168                pbuf_alloced_custom
 .text.pbuf_add_header
                0x0800e19c        0x6 ./Middlewares/Third_Party/LwIP/pbuf.o
                0x0800e19c                pbuf_add_header
 *fill*         0x0800e1a2        0x2 
 .text.pbuf_remove_header
                0x0800e1a4       0x58 ./Middlewares/Third_Party/LwIP/pbuf.o
                0x0800e1a4                pbuf_remove_header
 .text.pbuf_header_force
                0x0800e1fc       0x10 ./Middlewares/Third_Party/LwIP/pbuf.o
                0x0800e1fc                pbuf_header_force
 .text.pbuf_free
                0x0800e20c       0xd4 ./Middlewares/Third_Party/LwIP/pbuf.o
                0x0800e20c                pbuf_free
 .text.pbuf_alloc
                0x0800e2e0      0x124 ./Middlewares/Third_Party/LwIP/pbuf.o
                0x0800e2e0                pbuf_alloc
 .text.pbuf_realloc
                0x0800e404       0xb0 ./Middlewares/Third_Party/LwIP/pbuf.o
                0x0800e404                pbuf_realloc
 .text.pbuf_clen
                0x0800e4b4       0x10 ./Middlewares/Third_Party/LwIP/pbuf.o
                0x0800e4b4                pbuf_clen
 .text.pbuf_ref
                0x0800e4c4       0x38 ./Middlewares/Third_Party/LwIP/pbuf.o
                0x0800e4c4                pbuf_ref
 .text.pbuf_cat
                0x0800e4fc       0x74 ./Middlewares/Third_Party/LwIP/pbuf.o
                0x0800e4fc                pbuf_cat
 .text.pbuf_chain
                0x0800e570       0x12 ./Middlewares/Third_Party/LwIP/pbuf.o
                0x0800e570                pbuf_chain
 *fill*         0x0800e582        0x2 
 .text.pbuf_copy
                0x0800e584      0x104 ./Middlewares/Third_Party/LwIP/pbuf.o
                0x0800e584                pbuf_copy
 .text.pbuf_copy_partial
                0x0800e688       0x84 ./Middlewares/Third_Party/LwIP/pbuf.o
                0x0800e688                pbuf_copy_partial
 .text.pbuf_clone
                0x0800e70c       0x38 ./Middlewares/Third_Party/LwIP/pbuf.o
                0x0800e70c                pbuf_clone
 .text.sys_mbox_new
                0x0800e744       0x1a ./Middlewares/Third_Party/LwIP/sys_arch.o
                0x0800e744                sys_mbox_new
 .text.sys_mbox_trypost
                0x0800e75e       0x1e ./Middlewares/Third_Party/LwIP/sys_arch.o
                0x0800e75e                sys_mbox_trypost
 .text.sys_arch_mbox_fetch
                0x0800e77c       0x3c ./Middlewares/Third_Party/LwIP/sys_arch.o
                0x0800e77c                sys_arch_mbox_fetch
 .text.sys_mbox_valid
                0x0800e7b8        0xa ./Middlewares/Third_Party/LwIP/sys_arch.o
                0x0800e7b8                sys_mbox_valid
 *fill*         0x0800e7c2        0x2 
 .text.sys_init
                0x0800e7c4       0x14 ./Middlewares/Third_Party/LwIP/sys_arch.o
                0x0800e7c4                sys_init
 .text.sys_mutex_new
                0x0800e7d8       0x16 ./Middlewares/Third_Party/LwIP/sys_arch.o
                0x0800e7d8                sys_mutex_new
 .text.sys_mutex_lock
                0x0800e7ee        0xa ./Middlewares/Third_Party/LwIP/sys_arch.o
                0x0800e7ee                sys_mutex_lock
 .text.sys_mutex_unlock
                0x0800e7f8        0x6 ./Middlewares/Third_Party/LwIP/sys_arch.o
                0x0800e7f8                sys_mutex_unlock
 .text.sys_thread_new
                0x0800e7fe       0x2c ./Middlewares/Third_Party/LwIP/sys_arch.o
                0x0800e7fe                sys_thread_new
 *fill*         0x0800e82a        0x2 
 .text.sys_arch_protect
                0x0800e82c       0x18 ./Middlewares/Third_Party/LwIP/sys_arch.o
                0x0800e82c                sys_arch_protect
 .text.sys_arch_unprotect
                0x0800e844        0xc ./Middlewares/Third_Party/LwIP/sys_arch.o
                0x0800e844                sys_arch_unprotect
 .text.tcp_close_shutdown_fin
                0x0800e850       0x60 ./Middlewares/Third_Party/LwIP/tcp.o
 .text.tcp_init
                0x0800e8b0       0x18 ./Middlewares/Third_Party/LwIP/tcp.o