../Core/Src/main.c:106:5:main	16	static
../Core/Src/main.c:237:6:SystemClock_Config	128	static
../Core/Src/main.c:300:6:PeriphCommonClock_Config	200	static
../Core/Src/main.c:328:13:MX_ADC1_Init	48	static
../Core/Src/main.c:401:13:MX_ADC3_Init	40	static
../Core/Src/main.c:465:13:MX_FDCAN1_Init	8	static
../Core/Src/main.c:518:13:MX_TIM1_Init	112	static
../Core/Src/main.c:598:13:MX_TIM2_Init	64	static
../Core/Src/main.c:665:13:MX_TIM3_Init	56	static
../Core/Src/main.c:714:13:MX_TIM4_Init	56	static
../Core/Src/main.c:763:13:MX_USART1_UART_Init	8	static
../Core/Src/main.c:811:13:MX_USART2_UART_Init	8	static
../Core/Src/main.c:859:13:MX_USART3_UART_Init	8	static
../Core/Src/main.c:907:13:MX_GPIO_Init	40	static
../Core/Src/main.c:936:6:StartDefaultTask	16	static
../Core/Src/main.c:960:6:HAL_TIM_PeriodElapsedCallback	16	static
../Core/Src/main.c:977:6:Error_Handler	4	static,ignoring_inline_asm
