../Core/Src/main.c:106:5:main	7
../Core/Src/main.c:237:6:SystemClock_Config	5
../Core/Src/main.c:300:6:PeriphCommonClock_Config	2
../Core/Src/main.c:328:13:MX_ADC1_Init	5
../Core/Src/main.c:401:13:MX_ADC3_Init	4
../Core/Src/main.c:465:13:MX_FDCAN1_Init	2
../Core/Src/main.c:518:13:MX_TIM1_Init	7
../Core/Src/main.c:598:13:MX_TIM2_Init	8
../Core/Src/main.c:665:13:MX_TIM3_Init	3
../Core/Src/main.c:714:13:MX_TIM4_Init	3
../Core/Src/main.c:763:13:MX_USART1_UART_Init	5
../Core/Src/main.c:811:13:MX_USART2_UART_Init	5
../Core/Src/main.c:859:13:MX_USART3_UART_Init	5
../Core/Src/main.c:907:13:MX_GPIO_Init	1
../Core/Src/main.c:936:6:StartDefaultTask	1
../Core/Src/main.c:960:6:HAL_TIM_PeriodElapsedCallback	2
../Core/Src/main.c:977:6:Error_Handler	1
