/home/jarek/Projects/vcs/UniController/software/00_controller/lib_boards/Nucleo-H755ZI-Q/Middlewares/ST/STM32_USB_Device_Library/Core/Src/usbd_ctlreq.c:979:6:USBD_CtlError.constprop	8	static
/home/jarek/Projects/vcs/UniController/software/00_controller/lib_boards/Nucleo-H755ZI-Q/Middlewares/ST/STM32_USB_Device_Library/Core/Src/usbd_ctlreq.c:104:20:USBD_StdDevReq	24	static
/home/jarek/Projects/vcs/UniController/software/00_controller/lib_boards/Nucleo-H755ZI-Q/Middlewares/ST/STM32_USB_Device_Library/Core/Src/usbd_ctlreq.c:167:20:USBD_StdItfReq	16	static
/home/jarek/Projects/vcs/UniController/software/00_controller/lib_boards/Nucleo-H755ZI-Q/Middlewares/ST/STM32_USB_Device_Library/Core/Src/usbd_ctlreq.c:239:20:USBD_StdEPReq	16	static
/home/jarek/Projects/vcs/UniController/software/00_controller/lib_boards/Nucleo-H755ZI-Q/Middlewares/ST/STM32_USB_Device_Library/Core/Src/usbd_ctlreq.c:950:6:USBD_ParseSetupRequest	0	static
/home/jarek/Projects/vcs/UniController/software/00_controller/lib_boards/Nucleo-H755ZI-Q/Middlewares/ST/STM32_USB_Device_Library/Core/Src/usbd_ctlreq.c:979:6:USBD_CtlError	8	static
/home/jarek/Projects/vcs/UniController/software/00_controller/lib_boards/Nucleo-H755ZI-Q/Middlewares/ST/STM32_USB_Device_Library/Core/Src/usbd_ctlreq.c:996:6:USBD_GetString	16	static
