../LWIP/Target/ethernetif.c:751:9:ETH_PHY_IO_DeInit	0	static
../LWIP/Target/ethernetif.c:384:14:low_level_output	72	static
../LWIP/Target/ethernetif.c:794:9:ETH_PHY_IO_GetTick	0	static
../LWIP/Target/ethernetif.c:734:9:ETH_PHY_IO_Init	8	static
../LWIP/Target/ethernetif.c:763:9:ETH_PHY_IO_ReadReg	8	static
../LWIP/Target/ethernetif.c:780:9:ETH_PHY_IO_WriteReg	8	static
../LWIP/Target/ethernetif.c:585:6:pbuf_free_custom	8	static
../LWIP/Target/ethernetif.c:477:6:ethernetif_input	40	static
../LWIP/Target/ethernetif.c:171:6:HAL_ETH_RxCpltCallback	0	static
../LWIP/Target/ethernetif.c:180:6:HAL_ETH_TxCpltCallback	0	static
../LWIP/Target/ethernetif.c:189:6:HAL_ETH_ErrorCallback	8	static
../LWIP/Target/ethernetif.c:534:7:ethernetif_init	168	static
../LWIP/Target/ethernetif.c:608:7:sys_now	0	static
../LWIP/Target/ethernetif.c:621:6:HAL_ETH_MspInit	64	static
../LWIP/Target/ethernetif.c:686:6:HAL_ETH_MspDeInit	8	static
../LWIP/Target/ethernetif.c:803:6:ethernet_link_thread	136	static
../LWIP/Target/ethernetif.c:873:6:HAL_ETH_RxAllocateCallback	16	static
../LWIP/Target/ethernetif.c:895:6:HAL_ETH_RxLinkCallback	12	static,ignoring_inline_asm
../LWIP/Target/ethernetif.c:935:6:HAL_ETH_TxFreeCallback	0	static
